<html>
<body>
<pre>
<h1>µVision Build Log</h1>
<h2>Tool Versions:</h2>
IDE-Version: µVision V5.17.0.0
Copyright (C) 2015 ARM Ltd and ARM Germany GmbH. All rights reserved.
License Information: tom wu, urh, LIC=BL2BS-L4Q9F-YDHK5-GKDP5-LQ26Q-T100D
 
Tool Versions:
Toolchain:       MDK-ARM Professional  Version: 5.17
Toolchain Path:  C:\Keil_v5\ARM\ARMCC\Bin
C Compiler:      Armcc.exe V5.06 update 1 (build 61)
Assembler:       Armasm.exe V5.06 update 1 (build 61)
Linker/Locator:  ArmLink.exe V5.06 update 1 (build 61)
Library Manager: ArmAr.exe V5.06 update 1 (build 61)
Hex Converter:   FromElf.exe V5.06 update 1 (build 61)
CPU DLL:         SARMCM3.DLL V5.17
Dialog DLL:      DCM.DLL V1.13.4.0
Target DLL:      STLink\ST-LINKIII-KEIL_SWO.dll V2.0.18.0
Dialog DLL:      TCM.DLL V1.14.6.0
 
<h2>Project:</h2>
C:\project\diy-project\stm32fxx\stm32_glcd_base\target\Project.uvprojx
Project File Date:  12/17/2018

<h2>Output:</h2>
*** Using Compiler 'V5.06 update 1 (build 61)', folder: 'C:\Keil_v5\ARM\ARMCC\Bin'
*** Note: Rebuilding project, since 'Options->Output->Create Batch File' is selected.
Rebuild target 'stm32glcd_base'
creating preprocessor file for misc.c...
compiling misc.c...
creating preprocessor file for stm32f10x_adc.c...
compiling stm32f10x_adc.c...
creating preprocessor file for stm32f10x_bkp.c...
compiling stm32f10x_bkp.c...
creating preprocessor file for stm32f10x_can.c...
compiling stm32f10x_can.c...
creating preprocessor file for stm32f10x_cec.c...
compiling stm32f10x_cec.c...
creating preprocessor file for stm32f10x_crc.c...
compiling stm32f10x_crc.c...
creating preprocessor file for stm32f10x_dac.c...
compiling stm32f10x_dac.c...
creating preprocessor file for stm32f10x_dbgmcu.c...
compiling stm32f10x_dbgmcu.c...
creating preprocessor file for stm32f10x_dma.c...
compiling stm32f10x_dma.c...
creating preprocessor file for stm32f10x_exti.c...
compiling stm32f10x_exti.c...
creating preprocessor file for stm32f10x_flash.c...
compiling stm32f10x_flash.c...
creating preprocessor file for stm32f10x_fsmc.c...
compiling stm32f10x_fsmc.c...
creating preprocessor file for stm32f10x_gpio.c...
compiling stm32f10x_gpio.c...
creating preprocessor file for stm32f10x_i2c.c...
compiling stm32f10x_i2c.c...
creating preprocessor file for stm32f10x_iwdg.c...
compiling stm32f10x_iwdg.c...
creating preprocessor file for stm32f10x_pwr.c...
compiling stm32f10x_pwr.c...
creating preprocessor file for stm32f10x_rcc.c...
compiling stm32f10x_rcc.c...
creating preprocessor file for stm32f10x_rtc.c...
compiling stm32f10x_rtc.c...
creating preprocessor file for stm32f10x_sdio.c...
compiling stm32f10x_sdio.c...
creating preprocessor file for stm32f10x_spi.c...
compiling stm32f10x_spi.c...
creating preprocessor file for stm32f10x_tim.c...
compiling stm32f10x_tim.c...
creating preprocessor file for stm32f10x_usart.c...
compiling stm32f10x_usart.c...
creating preprocessor file for stm32f10x_wwdg.c...
compiling stm32f10x_wwdg.c...
creating preprocessor file for queue.c...
compiling queue.c...
creating preprocessor file for usr_delay.c...
compiling usr_delay.c...
creating preprocessor file for usr_key.c...
compiling usr_key.c...
creating preprocessor file for usr_led.c...
compiling usr_led.c...
creating preprocessor file for usr_sys.c...
compiling usr_sys.c...
creating preprocessor file for usr_usart.c...
compiling usr_usart.c...
creating preprocessor file for usr_timer.c...
compiling usr_timer.c...
creating preprocessor file for usr_tsensor.c...
compiling usr_tsensor.c...
creating preprocessor file for usr_adc.c...
compiling usr_adc.c...
creating preprocessor file for usr_rtc.c...
compiling usr_rtc.c...
creating preprocessor file for usr_fram.c...
compiling usr_fram.c...
..\usr_lib\usr_spi.h(17): warning:  #1295-D: Deprecated declaration usrspi2_ReadByte3Wire - give arg types
  u8   usrspi2_ReadByte3Wire  ();
..\usr_lib\usr_fram.c: 1 warning, 0 errors
creating preprocessor file for usr_spi.c...
compiling usr_spi.c...
..\usr_lib\usr_spi.h(17): warning:  #1295-D: Deprecated declaration usrspi2_ReadByte3Wire - give arg types
  u8   usrspi2_ReadByte3Wire  ();
..\usr_lib\usr_spi.c: 1 warning, 0 errors
creating preprocessor file for usr_ad9850.c...
compiling usr_ad9850.c...
..\usr_lib\usr_ad9850.c(46): warning:  #1134-D: literal treated as "long long"
        freq = (float)4294967295 / AD9850_CLOCK;
..\usr_lib\usr_ad9850.c: 1 warning, 0 errors
creating preprocessor file for usr_extint.c...
compiling usr_extint.c...
creating preprocessor file for main.c...
compiling main.c...
creating preprocessor file for stm32f10x_it.c...
compiling stm32f10x_it.c...
creating preprocessor file for system_stm32f10x.c...
compiling system_stm32f10x.c...
creating preprocessor file for console.c...
compiling console.c...
creating preprocessor file for gpio.c...
compiling gpio.c...
..\ctt\gpio.c(26): warning:  #1295-D: Deprecated declaration read_rtc - give arg types
  static int read_rtc();
..\ctt\gpio.c(99): warning:  #224-D: the format string requires additional arguments
         syear ,smon, sday,      hour,   min,    sec);
..\ctt\gpio.c: 2 warnings, 0 errors
creating preprocessor file for menu.c...
compiling menu.c...
..\ctt\menu.c(109): warning:  #514-D: pointless comparison of unsigned integer with a negative constant
     for(i = 0; i < lim - 1 && (ch = (char)
onGetc()&0xff) != 
OF && ch != '\n' && ch != '\r'; ++i) {
..\ctt\menu.c: 1 warning, 0 errors
creating preprocessor file for fram.c...
compiling fram.c...
..\ctt\fram.c(32): warning:  #1295-D: Deprecated declaration disp_buf - give arg types
  static int disp_buf    ();
..\ctt\fram.c(61): warning:  #181-D: argument is incompatible with corresponding format string conversion
    sscanf (strSR,"0x%x",&sr);
..\ctt\fram.c(74): warning:  #181-D: argument is incompatible with corresponding format string conversion
    sscanf (adrStr, "0x%x",&adr); 
..\ctt\fram.c(75): warning:  #181-D: argument is incompatible with corresponding format string conversion
    sscanf (lenStr, "%d",&len); 
..\ctt\fram.c(79): warning:  #167-D: argument of type "char *" is incompatible with parameter of type "u8 *"
    usr_fram_read  (buf, len, adr);
..\ctt\fram.c(94): warning:  #181-D: argument is incompatible with corresponding format string conversion
    sscanf (adrStr, "0x%x",&adr); 
..\ctt\fram.c(95): warning:  #181-D: argument is incompatible with corresponding format string conversion
    sscanf (lenStr, "%d",&len); 
..\ctt\fram.c(99): warning:  #167-D: argument of type "char *" is incompatible with parameter of type "u8 *"
    usr_fram_write  (buf, len, adr);
..\ctt\fram.c: 8 warnings, 0 errors
creating preprocessor file for dds.c...
..\sensor\adns5020.h(24): warning:  #9-D: nested comment is not allowed
  *    http://www.ba0sh1.com/2014/05/31/howto-use-stm32-spi-half-duplex-mode/**
..\ctt\dds.c: 1 warning, 0 errors
compiling dds.c...
..\sensor\adns5020.h(24): warning:  #9-D: nested comment is not allowed
  *    http://www.ba0sh1.com/2014/05/31/howto-use-stm32-spi-half-duplex-mode/**
..\usr_lib\usr_spi.h(17): warning:  #1295-D: Deprecated declaration usrspi2_ReadByte3Wire - give arg types
  u8   usrspi2_ReadByte3Wire  ();
..\sensor\adns5020.h(34): warning:  #1295-D: Deprecated declaration adns5020_init - give arg types
  void adns5020_init ();
..\sensor\adns5020.h(35): warning:  #1295-D: Deprecated declaration adns5020_reset - give arg types
  void adns5020_reset();
..\sensor\adns5020.h(36): warning:  #1295-D: Deprecated declaration adns5020_config - give arg types
  int  adns5020_config();
..\sensor\adns5020.h(37): warning:  #1295-D: Deprecated declaration adns5020_dx - give arg types
  u8   adns5020_dx();
..\sensor\adns5020.h(38): warning:  #1295-D: Deprecated declaration adns5020_dy - give arg types
  u8   adns5020_dy();
..\sensor\adns5020.h(39): warning:  #1295-D: Deprecated declaration adns5020_squal - give arg types
  u8   adns5020_squal();
..\ctt\dds.c(20): warning:  #1295-D: Deprecated declaration init - give arg types
  static int init ();
..\ctt\dds.c: 9 warnings, 0 errors
creating preprocessor file for adns5020.c...
..\sensor\adns5020.h(24): warning:  #9-D: nested comment is not allowed
  *    http://www.ba0sh1.com/2014/05/31/howto-use-stm32-spi-half-duplex-mode/**
..\sensor\adns5020.c: 1 warning, 0 errors
compiling adns5020.c...
..\usr_lib\usr_spi.h(17): warning:  #1295-D: Deprecated declaration usrspi2_ReadByte3Wire - give arg types
  u8   usrspi2_ReadByte3Wire  ();
..\sensor\adns5020.h(24): warning:  #9-D: nested comment is not allowed
  *    http://www.ba0sh1.com/2014/05/31/howto-use-stm32-spi-half-duplex-mode/**
..\sensor\adns5020.h(34): warning:  #1295-D: Deprecated declaration adns5020_init - give arg types
  void adns5020_init ();
..\sensor\adns5020.h(35): warning:  #1295-D: Deprecated declaration adns5020_reset - give arg types
  void adns5020_reset();
..\sensor\adns5020.h(36): warning:  #1295-D: Deprecated declaration adns5020_config - give arg types
  int  adns5020_config();
..\sensor\adns5020.h(37): warning:  #1295-D: Deprecated declaration adns5020_dx - give arg types
  u8   adns5020_dx();
..\sensor\adns5020.h(38): warning:  #1295-D: Deprecated declaration adns5020_dy - give arg types
  u8   adns5020_dy();
..\sensor\adns5020.h(39): warning:  #1295-D: Deprecated declaration adns5020_squal - give arg types
  u8   adns5020_squal();
..\sensor\adns5020.c(127): warning:  #177-D: variable "data" was declared but never referenced
      u8   data    = 0 ;
..\sensor\adns5020.c(128): warning:  #177-D: variable "opcode" was declared but never referenced
          u8   opcode  = 0;
..\sensor\adns5020.c: 10 warnings, 0 errors
creating preprocessor file for croutine.c...
compiling croutine.c...
creating preprocessor file for heap_2.c...
compiling heap_2.c...
creating preprocessor file for list.c...
compiling list.c...
creating preprocessor file for port.c...
compiling port.c...
creating preprocessor file for queue.c...
compiling queue.c...
creating preprocessor file for tasks.c...
compiling tasks.c...
creating preprocessor file for timers.c...
compiling timers.c...
creating preprocessor file for core_cm3.c...
compiling core_cm3.c...
assembling startup_stm32f10x_hd.s...
linking...
Program Size: Code=17084 RO-data=1636 RW-data=196 ZI-data=19332  
FromELF: creating hex file...
".\obj\led_blink.axf" - 0 Error(s), 35 Warning(s).

<h2>Software Packages used:</h2>

Package Vendor: ARM
                http://www.keil.com/pack/ARM.CMSIS.5.4.0.pack
                ARM::CMSIS:CORE:5.1.2
                CMSIS (Cortex Microcontroller Software Interface Standard)
   * Component: CORE Version: 5.1.2

<h2>Collection of Component include folders:</h2>
  C:\project\diy-project\stm32fxx\stm32_glcd_base\target\RTE
  C:\Keil_v5\ARM\PACK\ARM\CMSIS\5.4.0\CMSIS\Core\Include
  C:\Keil_v5\ARM\PACK\Keil\STM32F1xx_DFP\2.0.0\Device\Include

<h2>Collection of Component Files used:</h2>

   * Component: ARM::CMSIS:CORE:5.1.2
Build Time Elapsed:  00:00:45
</pre>
</body>
</html>
