Component: ARM Compiler 5.06 update 1 (build 61) Tool: armlink [4d35a8]

==============================================================================

Section Cross References

    stm32f10x_adc.o(i.ADC_DeInit) refers to stm32f10x_rcc.o(i.RCC_APB2PeriphResetCmd) for RCC_APB2PeriphResetCmd
    stm32f10x_bkp.o(i.BKP_DeInit) refers to stm32f10x_rcc.o(i.RCC_BackupResetCmd) for RCC_BackupResetCmd
    stm32f10x_can.o(i.CAN_DeInit) refers to stm32f10x_rcc.o(i.RCC_APB1PeriphResetCmd) for RCC_APB1PeriphResetCmd
    stm32f10x_can.o(i.CAN_GetITStatus) refers to stm32f10x_can.o(i.CheckITStatus) for CheckITStatus
    stm32f10x_cec.o(i.CEC_DeInit) refers to stm32f10x_rcc.o(i.RCC_APB1PeriphResetCmd) for RCC_APB1PeriphResetCmd
    stm32f10x_dac.o(i.DAC_DeInit) refers to stm32f10x_rcc.o(i.RCC_APB1PeriphResetCmd) for RCC_APB1PeriphResetCmd
    stm32f10x_flash.o(i.FLASH_EnableWriteProtection) refers to stm32f10x_flash.o(i.FLASH_WaitForLastOperation) for FLASH_WaitForLastOperation
    stm32f10x_flash.o(i.FLASH_EraseAllBank1Pages) refers to stm32f10x_flash.o(i.FLASH_WaitForLastBank1Operation) for FLASH_WaitForLastBank1Operation
    stm32f10x_flash.o(i.FLASH_EraseAllPages) refers to stm32f10x_flash.o(i.FLASH_WaitForLastOperation) for FLASH_WaitForLastOperation
    stm32f10x_flash.o(i.FLASH_EraseOptionBytes) refers to stm32f10x_flash.o(i.FLASH_GetReadOutProtectionStatus) for FLASH_GetReadOutProtectionStatus
    stm32f10x_flash.o(i.FLASH_EraseOptionBytes) refers to stm32f10x_flash.o(i.FLASH_WaitForLastOperation) for FLASH_WaitForLastOperation
    stm32f10x_flash.o(i.FLASH_ErasePage) refers to stm32f10x_flash.o(i.FLASH_WaitForLastOperation) for FLASH_WaitForLastOperation
    stm32f10x_flash.o(i.FLASH_ProgramHalfWord) refers to stm32f10x_flash.o(i.FLASH_WaitForLastOperation) for FLASH_WaitForLastOperation
    stm32f10x_flash.o(i.FLASH_ProgramOptionByteData) refers to stm32f10x_flash.o(i.FLASH_WaitForLastOperation) for FLASH_WaitForLastOperation
    stm32f10x_flash.o(i.FLASH_ProgramWord) refers to stm32f10x_flash.o(i.FLASH_WaitForLastOperation) for FLASH_WaitForLastOperation
    stm32f10x_flash.o(i.FLASH_ReadOutProtection) refers to stm32f10x_flash.o(i.FLASH_WaitForLastOperation) for FLASH_WaitForLastOperation
    stm32f10x_flash.o(i.FLASH_UserOptionByteConfig) refers to stm32f10x_flash.o(i.FLASH_WaitForLastOperation) for FLASH_WaitForLastOperation
    stm32f10x_flash.o(i.FLASH_WaitForLastBank1Operation) refers to stm32f10x_flash.o(i.FLASH_GetBank1Status) for FLASH_GetBank1Status
    stm32f10x_flash.o(i.FLASH_WaitForLastOperation) refers to stm32f10x_flash.o(i.FLASH_GetBank1Status) for FLASH_GetBank1Status
    stm32f10x_gpio.o(i.GPIO_AFIODeInit) refers to stm32f10x_rcc.o(i.RCC_APB2PeriphResetCmd) for RCC_APB2PeriphResetCmd
    stm32f10x_gpio.o(i.GPIO_DeInit) refers to stm32f10x_rcc.o(i.RCC_APB2PeriphResetCmd) for RCC_APB2PeriphResetCmd
    stm32f10x_i2c.o(i.I2C_DeInit) refers to stm32f10x_rcc.o(i.RCC_APB1PeriphResetCmd) for RCC_APB1PeriphResetCmd
    stm32f10x_i2c.o(i.I2C_Init) refers to stm32f10x_rcc.o(i.RCC_GetClocksFreq) for RCC_GetClocksFreq
    stm32f10x_pwr.o(i.PWR_DeInit) refers to stm32f10x_rcc.o(i.RCC_APB1PeriphResetCmd) for RCC_APB1PeriphResetCmd
    stm32f10x_rcc.o(i.RCC_GetClocksFreq) refers to stm32f10x_rcc.o(.data) for .data
    stm32f10x_rcc.o(i.RCC_WaitForHSEStartUp) refers to stm32f10x_rcc.o(i.RCC_GetFlagStatus) for RCC_GetFlagStatus
    stm32f10x_rtc.o(i.RTC_SetAlarm) refers to stm32f10x_rtc.o(i.RTC_EnterConfigMode) for RTC_EnterConfigMode
    stm32f10x_rtc.o(i.RTC_SetAlarm) refers to stm32f10x_rtc.o(i.RTC_ExitConfigMode) for RTC_ExitConfigMode
    stm32f10x_rtc.o(i.RTC_SetCounter) refers to stm32f10x_rtc.o(i.RTC_EnterConfigMode) for RTC_EnterConfigMode
    stm32f10x_rtc.o(i.RTC_SetCounter) refers to stm32f10x_rtc.o(i.RTC_ExitConfigMode) for RTC_ExitConfigMode
    stm32f10x_rtc.o(i.RTC_SetPrescaler) refers to stm32f10x_rtc.o(i.RTC_EnterConfigMode) for RTC_EnterConfigMode
    stm32f10x_rtc.o(i.RTC_SetPrescaler) refers to stm32f10x_rtc.o(i.RTC_ExitConfigMode) for RTC_ExitConfigMode
    stm32f10x_spi.o(i.I2S_Init) refers to stm32f10x_rcc.o(i.RCC_GetClocksFreq) for RCC_GetClocksFreq
    stm32f10x_spi.o(i.SPI_I2S_DeInit) refers to stm32f10x_rcc.o(i.RCC_APB2PeriphResetCmd) for RCC_APB2PeriphResetCmd
    stm32f10x_spi.o(i.SPI_I2S_DeInit) refers to stm32f10x_rcc.o(i.RCC_APB1PeriphResetCmd) for RCC_APB1PeriphResetCmd
    stm32f10x_tim.o(i.TIM_DeInit) refers to stm32f10x_rcc.o(i.RCC_APB1PeriphResetCmd) for RCC_APB1PeriphResetCmd
    stm32f10x_tim.o(i.TIM_DeInit) refers to stm32f10x_rcc.o(i.RCC_APB2PeriphResetCmd) for RCC_APB2PeriphResetCmd
    stm32f10x_tim.o(i.TIM_ETRClockMode1Config) refers to stm32f10x_tim.o(i.TIM_ETRConfig) for TIM_ETRConfig
    stm32f10x_tim.o(i.TIM_ETRClockMode2Config) refers to stm32f10x_tim.o(i.TIM_ETRConfig) for TIM_ETRConfig
    stm32f10x_tim.o(i.TIM_ICInit) refers to stm32f10x_tim.o(i.TI1_Config) for TI1_Config
[...]
    i.RTC_ITConfig                           0x080018ec   Section        0  stm32f10x_rtc.o(i.RTC_ITConfig)
    i.RTC_SetCounter                         0x08001904   Section        0  stm32f10x_rtc.o(i.RTC_SetCounter)
    i.RTC_SetPrescaler                       0x08001924   Section        0  stm32f10x_rtc.o(i.RTC_SetPrescaler)
    i.RTC_WaitForLastTask                    0x08001944   Section        0  stm32f10x_rtc.o(i.RTC_WaitForLastTask)
    i.RTC_WaitForSynchro                     0x08001954   Section        0  stm32f10x_rtc.o(i.RTC_WaitForSynchro)
    i.SPI_I2S_GetFlagStatus                  0x0800196c   Section        0  stm32f10x_spi.o(i.SPI_I2S_GetFlagStatus)
    i.SPI_I2S_ReceiveData                    0x0800197a   Section        0  stm32f10x_spi.o(i.SPI_I2S_ReceiveData)
    i.SPI_I2S_SendData                       0x0800197e   Section        0  stm32f10x_spi.o(i.SPI_I2S_SendData)
    i.SetSysClockTo72                        0x08001984   Section        0  system_stm32f10x.o(i.SetSysClockTo72)
    SetSysClockTo72                          0x08001985   Thumb Code   160  system_stm32f10x.o(i.SetSysClockTo72)
    i.SysTick_CLKSourceConfig                0x08001a2c   Section        0  misc.o(i.SysTick_CLKSourceConfig)
    i.SystemInit                             0x08001a44   Section        0  system_stm32f10x.o(i.SystemInit)
    i.TIM2_IRQHandler                        0x08001a94   Section        0  usr_timer.o(i.TIM2_IRQHandler)
    i.TIM2_Int_Init                          0x08001ac8   Section        0  usr_timer.o(i.TIM2_Int_Init)
    i.TIM3_IRQHandler                        0x08001b24   Section        0  usr_timer.o(i.TIM3_IRQHandler)
    i.TIM_ClearITPendingBit                  0x08001b5c   Section        0  stm32f10x_tim.o(i.TIM_ClearITPendingBit)
    i.TIM_Cmd                                0x08001b62   Section        0  stm32f10x_tim.o(i.TIM_Cmd)
    i.TIM_GetITStatus                        0x08001b76   Section        0  stm32f10x_tim.o(i.TIM_GetITStatus)
    i.TIM_ITConfig                           0x08001b8e   Section        0  stm32f10x_tim.o(i.TIM_ITConfig)
    i.TIM_SetCompare2                        0x08001b9e   Section        0  stm32f10x_tim.o(i.TIM_SetCompare2)
    i.TIM_TimeBaseInit                       0x08001ba4   Section        0  stm32f10x_tim.o(i.TIM_TimeBaseInit)
    i.USART1OUT                              0x08001c40   Section        0  main.o(i.USART1OUT)
    i.USART1_IRQHandler                      0x08001c5c   Section        0  usr_usart.o(i.USART1_IRQHandler)
    i.USART_Cmd                              0x08001c8c   Section        0  stm32f10x_usart.o(i.USART_Cmd)
    i.USART_DeInit                           0x08001ca0   Section        0  stm32f10x_usart.o(i.USART_DeInit)
    i.USART_GetFlagStatus                    0x08001d14   Section        0  stm32f10x_usart.o(i.USART_GetFlagStatus)
    i.USART_GetITStatus                      0x08001d22   Section        0  stm32f10x_usart.o(i.USART_GetITStatus)
    i.USART_ITConfig                         0x08001d60   Section        0  stm32f10x_usart.o(i.USART_ITConfig)
    i.USART_Init                             0x08001d90   Section        0  stm32f10x_usart.o(i.USART_Init)
    i.USART_ReceiveData                      0x08001e3c   Section        0  stm32f10x_usart.o(i.USART_ReceiveData)
    i.USART_SendData                         0x08001e44   Section        0  stm32f10x_usart.o(i.USART_SendData)
    i.UsageFault_Handler                     0x08001e4c   Section        0  stm32f10x_it.o(i.UsageFault_Handler)
    i.__0printf                              0x08001e50   Section        0  printfa.o(i.__0printf)
    i.__0sprintf                             0x08001e70   Section        0  printfa.o(i.__0sprintf)
    i.__aeabi_errno_addr                     0x08001e98   Section        0  errno.o(i.__aeabi_errno_addr)
    i.__scatterload_copy                     0x08001ea0   Section       14  handlers.o(i.__scatterload_copy)
    i.__scatterload_null                     0x08001eae   Section        2  handlers.o(i.__scatterload_null)
    i.__scatterload_zeroinit                 0x08001eb0   Section       14  handlers.o(i.__scatterload_zeroinit)
    i._fp_digits                             0x08001ec0   Section        0  printfa.o(i._fp_digits)
    _fp_digits                               0x08001ec1   Thumb Code   334  printfa.o(i._fp_digits)
    i._printf_core                           0x08002024   Section        0  printfa.o(i._printf_core)
    _printf_core                             0x08002025   Thumb Code  1744  printfa.o(i._printf_core)
    i._printf_post_padding                   0x08002700   Section        0  printfa.o(i._printf_post_padding)
    _printf_post_padding                     0x08002701   Thumb Code    36  printfa.o(i._printf_post_padding)
    i._printf_pre_padding                    0x08002724   Section        0  printfa.o(i._printf_pre_padding)
    _printf_pre_padding                      0x08002725   Thumb Code    46  printfa.o(i._printf_pre_padding)
    i._sputc                                 0x08002752   Section        0  printfa.o(i._sputc)
    _sputc                                   0x08002753   Thumb Code    10  printfa.o(i._sputc)
    i.close_gpio                             0x0800275c   Section        0  gpio.o(i.close_gpio)
    close_gpio                               0x0800275d   Thumb Code     4  gpio.o(i.close_gpio)
    i.conGets                                0x08002760   Section        0  menu.o(i.conGets)
    i.console_main                           0x080027d4   Section        0  console.o(i.console_main)
    i.deQueue                                0x080027f8   Section        0  queue.o(i.deQueue)
    i.delay_init                             0x0800281c   Section        0  usr_delay.o(i.delay_init)
    i.delay_ms                               0x08002858   Section        0  usr_delay.o(i.delay_ms)
    i.dir_gpio                               0x0800288c   Section        0  gpio.o(i.dir_gpio)
    dir_gpio                                 0x0800288d   Thumb Code   142  gpio.o(i.dir_gpio)
    i.disp_buf                               0x08002944   Section        0  fram.o(i.disp_buf)
    disp_buf                                 0x08002945   Thumb Code    50  fram.o(i.disp_buf)
    i.enQueue                                0x080029c0   Section        0  queue.o(i.enQueue)
    i.fill_buf                               0x080029e8   Section        0  fram.o(i.fill_buf)
    fill_buf                                 0x080029e9   Thumb Code    40  fram.o(i.fill_buf)
    i.fputc                                  0x08002a38   Section        0  usr_usart.o(i.fputc)
    i.fputs                                  0x08002a5c   Section        0  fputs.o(i.fputs)
    i.fram_entry                             0x08002a74   Section        0  console.o(i.fram_entry)
    fram_entry                               0x08002a75   Thumb Code    18  console.o(i.fram_entry)
    i.get_gpio                               0x08002a94   Section        0  gpio.o(i.get_gpio)
    get_gpio                                 0x08002a95   Thumb Code    92  gpio.o(i.get_gpio)
    i.gpio_entry                             0x08002b14   Section        0  console.o(i.gpio_entry)
    gpio_entry                               0x08002b15   Thumb Code    18  console.o(i.gpio_entry)
    i.info_fram                              0x08002b34   Section        0  fram.o(i.info_fram)
    info_fram                                0x08002b35   Thumb Code    24  fram.o(i.info_fram)
    i.initQueue                              0x08002b64   Section        0  queue.o(i.initQueue)
    i.is_leap_year                           0x08002b78   Section        0  usr_rtc.o(i.is_leap_year)
    is_leap_year                             0x08002b79   Thumb Code    38  usr_rtc.o(i.is_leap_year)
    i.loop_gpio                              0x08002ba0   Section        0  gpio.o(i.loop_gpio)
    loop_gpio                                0x08002ba1   Thumb Code   202  gpio.o(i.loop_gpio)
    i.main                                   0x08002c78   Section        0  main.o(i.main)
    i.open_gpio                              0x08002d94   Section        0  gpio.o(i.open_gpio)
    open_gpio                                0x08002d95   Thumb Code     4  gpio.o(i.open_gpio)
    i.prvAddCurrentTaskToDelayedList         0x08002d98   Section        0  tasks.o(i.prvAddCurrentTaskToDelayedList)
    prvAddCurrentTaskToDelayedList           0x08002d99   Thumb Code    48  tasks.o(i.prvAddCurrentTaskToDelayedList)
    i.prvCheckTasksWaitingTermination        0x08002dcc   Section        0  tasks.o(i.prvCheckTasksWaitingTermination)
    prvCheckTasksWaitingTermination          0x08002dcd   Thumb Code    76  tasks.o(i.prvCheckTasksWaitingTermination)
    i.prvCopyDataFromQueue                   0x08002e20   Section        0  queue_1.o(i.prvCopyDataFromQueue)
    prvCopyDataFromQueue                     0x08002e21   Thumb Code    40  queue_1.o(i.prvCopyDataFromQueue)
    i.prvCopyDataToQueue                     0x08002e48   Section        0  queue_1.o(i.prvCopyDataToQueue)
    prvCopyDataToQueue                       0x08002e49   Thumb Code    72  queue_1.o(i.prvCopyDataToQueue)
    i.prvIdleTask                            0x08002e90   Section        0  tasks.o(i.prvIdleTask)
    prvIdleTask                              0x08002e91   Thumb Code    20  tasks.o(i.prvIdleTask)
    i.prvUnlockQueue                         0x08002ea8   Section        0  queue_1.o(i.prvUnlockQueue)
    prvUnlockQueue                           0x08002ea9   Thumb Code   100  queue_1.o(i.prvUnlockQueue)
    i.putc                                   0x08002f0c   Section        0  putc.o(i.putc)
    i.pvPortMalloc                           0x08002f10   Section        0  heap_2.o(i.pvPortMalloc)
    i.pxPortInitialiseStack                  0x08002fc4   Section        0  port.o(i.pxPortInitialiseStack)
    i.read_fram                              0x08002fe0   Section        0  fram.o(i.read_fram)
    read_fram                                0x08002fe1   Thumb Code    84  fram.o(i.read_fram)
    i.read_gpio                              0x0800306c   Section        0  gpio.o(i.read_gpio)
    read_gpio                                0x0800306d   Thumb Code   140  gpio.o(i.read_gpio)
    i.read_rtc                               0x08003140   Section        0  gpio.o(i.read_rtc)
    read_rtc                                 0x08003141   Thumb Code    36  gpio.o(i.read_rtc)
    i.reset_gpio                             0x08003188   Section        0  gpio.o(i.reset_gpio)
    reset_gpio                               0x08003189   Thumb Code    76  gpio.o(i.reset_gpio)
    i.set_fram                               0x080031e0   Section        0  fram.o(i.set_fram)
    set_fram                                 0x080031e1   Thumb Code    28  fram.o(i.set_fram)
    i.set_gpio                               0x08003208   Section        0  gpio.o(i.set_gpio)
    set_gpio                                 0x08003209   Thumb Code    76  gpio.o(i.set_gpio)
    i.usart_hitkey                           0x08003260   Section        0  usr_usart.o(i.usart_hitkey)
    i.usart_init                             0x08003278   Section        0  usr_usart.o(i.usart_init)
    i.usr_fram_read                          0x0800332c   Section        0  usr_fram.o(i.usr_fram_read)
    i.usr_fram_read_sr                       0x08003374   Section        0  usr_fram.o(i.usr_fram_read_sr)
    i.usr_fram_write                         0x08003398   Section        0  usr_fram.o(i.usr_fram_write)
    i.usr_fram_write_sr                      0x08003408   Section        0  usr_fram.o(i.usr_fram_write_sr)
    i.usradc_get                             0x08003430   Section        0  usr_adc.o(i.usradc_get)
    i.usradc_getav                           0x08003464   Section        0  usr_adc.o(i.usradc_getav)
    i.usradc_init                            0x0800349c   Section        0  usr_adc.o(i.usradc_init)
    i.usrled_init                            0x0800353c   Section        0  usr_led.o(i.usrled_init)
    i.usrrtc_get                             0x08003598   Section        0  usr_rtc.o(i.usrrtc_get)
    i.usrrtc_init                            0x080036cc   Section        0  usr_rtc.o(i.usrrtc_init)
    i.usrrtc_set                             0x080037a0   Section        0  usr_rtc.o(i.usrrtc_set)
    i.usrspi2_WriteReadAByte                 0x08003870   Section        0  usr_spi.o(i.usrspi2_WriteReadAByte)
    i.usrtadc_getadc                         0x080038a4   Section        0  usr_tsensor.o(i.usrtadc_getadc)
    i.usrtadc_gettm                          0x080038d8   Section        0  usr_tsensor.o(i.usrtadc_gettm)
    i.usrtadc_init                           0x0800390c   Section        0  usr_tsensor.o(i.usrtadc_init)
    i.uxListRemove                           0x08003984   Section        0  list.o(i.uxListRemove)
    i.vListInitialise                        0x080039aa   Section        0  list.o(i.vListInitialise)
    i.vListInitialiseItem                    0x080039c0   Section        0  list.o(i.vListInitialiseItem)
    i.vListInsert                            0x080039c6   Section        0  list.o(i.vListInsert)
    i.vListInsertEnd                         0x080039f6   Section        0  list.o(i.vListInsertEnd)
    i.vPortEnterCritical                     0x08003a14   Section        0  port.o(i.vPortEnterCritical)
    i.vPortExitCritical                      0x08003a30   Section        0  port.o(i.vPortExitCritical)
    i.vPortFree                              0x08003a44   Section        0  heap_2.o(i.vPortFree)
    i.vPortSetupTimerInterrupt               0x08003a80   Section        0  port.o(i.vPortSetupTimerInterrupt)
    i.vPortYield                             0x08003a94   Section        0  port.o(i.vPortYield)
    i.vTask1                                 0x08003aac   Section        0  main.o(i.vTask1)
    i.vTask2                                 0x08003aec   Section        0  main.o(i.vTask2)
    i.vTask3                                 0x08003b2c   Section        0  main.o(i.vTask3)
    i.vTaskIdle                              0x08003b6c   Section        0  main.o(i.vTaskIdle)
    i.vTaskIncrementTick                     0x08003b70   Section        0  tasks.o(i.vTaskIncrementTick)
    i.vTaskMissedYield                       0x08003c10   Section        0  tasks.o(i.vTaskMissedYield)
    i.vTaskPlaceOnEventList                  0x08003c1c   Section        0  tasks.o(i.vTaskPlaceOnEventList)
    i.vTaskSetTimeOutState                   0x08003c58   Section        0  tasks.o(i.vTaskSetTimeOutState)
    i.vTaskStartScheduler                    0x08003c68   Section        0  tasks.o(i.vTaskStartScheduler)
    i.vTaskSuspendAll                        0x08003cac   Section        0  tasks.o(i.vTaskSuspendAll)
    i.vTaskSwitchContext                     0x08003cbc   Section        0  tasks.o(i.vTaskSwitchContext)
    i.write_fram                             0x08003d08   Section        0  fram.o(i.write_fram)
    write_fram                               0x08003d09   Thumb Code    80  fram.o(i.write_fram)
    i.write_gpio                             0x08003d90   Section        0  gpio.o(i.write_gpio)
    write_gpio                               0x08003d91   Thumb Code    36  gpio.o(i.write_gpio)
    i.write_rtc                              0x08003dc8   Section        0  gpio.o(i.write_rtc)
    write_rtc                                0x08003dc9   Thumb Code   150  gpio.o(i.write_rtc)
    i.xPortStartScheduler                    0x08003e94   Section        0  port.o(i.xPortStartScheduler)
    i.xPortSysTickHandler                    0x08003ec4   Section        0  port.o(i.xPortSysTickHandler)
    i.xQueueGenericCreate                    0x08003ee4   Section        0  queue_1.o(i.xQueueGenericCreate)
    i.xQueueGenericReceive                   0x08003f26   Section        0  queue_1.o(i.xQueueGenericReceive)
    i.xQueueGenericReset                     0x0800400c   Section        0  queue_1.o(i.xQueueGenericReset)
    i.xQueueGenericSend                      0x0800406c   Section        0  queue_1.o(i.xQueueGenericSend)
    i.xTaskCheckForTimeOut                   0x08004140   Section        0  tasks.o(i.xTaskCheckForTimeOut)
    i.xTaskGenericCreate                     0x0800418c   Section        0  tasks.o(i.xTaskGenericCreate)
    i.xTaskRemoveFromEventList               0x080042f0   Section        0  tasks.o(i.xTaskRemoveFromEventList)
    i.xTaskResumeAll                         0x08004348   Section        0  tasks.o(i.xTaskResumeAll)
    .constdata                               0x080043ec   Section       24  usr_rtc.o(.constdata)
    .constdata                               0x08004404   Section       60  console.o(.constdata)
    menu                                     0x08004404   Data          60  console.o(.constdata)
    .constdata                               0x08004440   Section      240  gpio.o(.constdata)
    .constdata                               0x08004530   Section      140  fram.o(.constdata)
    .constdata                               0x080045bc   Section      129  ctype_o.o(.constdata)
    .constdata                               0x08004640   Section        4  ctype_o.o(.constdata)
    table                                    0x08004640   Data           4  ctype_o.o(.constdata)
    .conststring                             0x08004644   Section      225  console.o(.conststring)
    .conststring                             0x08004728   Section      292  gpio.o(.conststring)
    .conststring                             0x0800484c   Section      179  fram.o(.conststring)
    .data                                    0x20000000   Section       20  stm32f10x_rcc.o(.data)
    ADCPrescTable                            0x20000000   Data           4  stm32f10x_rcc.o(.data)
    APBAHBPrescTable                         0x20000004   Data          16  stm32f10x_rcc.o(.data)
    .data                                    0x20000014   Section        4  usr_delay.o(.data)
    fac_us                                   0x20000014   Data           1  usr_delay.o(.data)
    fac_ms                                   0x20000016   Data           2  usr_delay.o(.data)
    .data                                    0x20000018   Section       32  usr_led.o(.data)
    oLedAry                                  0x20000018   Data          32  usr_led.o(.data)
    .data                                    0x20000038   Section        4  usr_usart.o(.data)
    .data                                    0x2000003c   Section        2  usr_rtc.o(.data)
    daycnt                                   0x2000003c   Data           2  usr_rtc.o(.data)
    .data                                    0x20000040   Section        8  main.o(.data)
    .data                                    0x20000048   Section       20  system_stm32f10x.o(.data)
    .data                                    0x2000005c   Section        4  menu.o(.data)
    cmdTrace                                 0x2000005c   Data           4  menu.o(.data)
    .data                                    0x20000060   Section        1  fram.o(.data)
    sr                                       0x20000060   Data           1  fram.o(.data)
    .data                                    0x20000064   Section       24  heap_2.o(.data)
    xFreeBytesRemaining                      0x20000064   Data           4  heap_2.o(.data)
    xHeapHasBeenInitialised                  0x20000068   Data           4  heap_2.o(.data)
    xStart                                   0x2000006c   Data           8  heap_2.o(.data)
    xEnd                                     0x20000074   Data           8  heap_2.o(.data)
    .data                                    0x2000007c   Section        4  port.o(.data)
    uxCriticalNesting                        0x2000007c   Data           4  port.o(.data)
    .data                                    0x20000080   Section       60  tasks.o(.data)
    uxTasksDeleted                           0x20000084   Data           4  tasks.o(.data)
    uxCurrentNumberOfTasks                   0x20000088   Data           4  tasks.o(.data)
    xTickCount                               0x2000008c   Data           4  tasks.o(.data)
    uxTopUsedPriority                        0x20000090   Data           4  tasks.o(.data)
    uxTopReadyPriority                       0x20000094   Data           4  tasks.o(.data)
    xSchedulerRunning                        0x20000098   Data           4  tasks.o(.data)
    uxSchedulerSuspended                     0x2000009c   Data           4  tasks.o(.data)
    uxMissedTicks                            0x200000a0   Data           4  tasks.o(.data)
    xMissedYield                             0x200000a4   Data           4  tasks.o(.data)
    xNumOfOverflows                          0x200000a8   Data           4  tasks.o(.data)
    uxTaskNumber                             0x200000ac   Data           4  tasks.o(.data)
    xNextTaskUnblockTime                     0x200000b0   Data           4  tasks.o(.data)
    pxDelayedTaskList                        0x200000b4   Data           4  tasks.o(.data)
    pxOverflowDelayedTaskList                0x200000b8   Data           4  tasks.o(.data)
    .data                                    0x200000bc   Section        4  strtok.o(.data)
    state                                    0x200000bc   Data           4  strtok.o(.data)
    .data                                    0x200000c0   Section        4  errno.o(.data)
    _errno                                   0x200000c0   Data           4  errno.o(.data)
    .bss                                     0x200000c4   Section       32  usr_usart.o(.bss)
    usartObj1                                0x200000c4   Data          32  usr_usart.o(.bss)
    .bss                                     0x200000e4   Section       10  usr_rtc.o(.bss)
    .bss                                     0x200000ee   Section      100  main.o(.bss)
    str                                      0x200000ee   Data         100  main.o(.bss)
    .bss                                     0x20000154   Section      296  menu.o(.bss)
    argv                                     0x20000154   Data          40  menu.o(.bss)
    cmdLine                                  0x2000017c   Data         128  menu.o(.bss)
    p                                        0x200001fc   Data         128  menu.o(.bss)
    .bss                                     0x2000027c   Section      256  fram.o(.bss)
    buf                                      0x2000027c   Data         256  fram.o(.bss)
    .bss                                     0x2000037c   Section    17408  heap_2.o(.bss)
    ucHeap                                   0x2000037c   Data       17408  heap_2.o(.bss)
    .bss                                     0x2000477c   Section      200  tasks.o(.bss)
    pxReadyTasksLists                        0x2000477c   Data         100  tasks.o(.bss)
    xDelayedTaskList1                        0x200047e0   Data          20  tasks.o(.bss)
    xDelayedTaskList2                        0x200047f4   Data          20  tasks.o(.bss)
    xPendingReadyList                        0x20004808   Data          20  tasks.o(.bss)
    xTasksWaitingTermination                 0x2000481c   Data          20  tasks.o(.bss)
    xSuspendedTaskList                       0x20004830   Data          20  tasks.o(.bss)
    STACK                                    0x20004848   Section     1024  startup_stm32f10x_hd.o(STACK)

    Global Symbols

    Symbol Name                              Value     Ov Type        Size  Object(Section)

    BuildAttributes$$THM_ISAv4$P$D$K$B$S$PE$A:L22UL41UL21$X:L11$S22US41US21$IEEE1$IW$USESV6$~STKCKD$USESV7$~SHL$OTIME$ROPI$EBA8$MICROLIB$REQ8$PRES8$EABIv2 0x00000000   Number         0  anon$$obj.o ABSOLUTE
    __ARM_use_no_argv                        0x00000000   Number         0  main.o ABSOLUTE
    __use_no_errno                           0x00000000   Number         0  useno.o ABSOLUTE
    __use_no_exception_handling              0x00000000   Number         0  useno.o ABSOLUTE
    __use_no_fp                              0x00000000   Number         0  useno.o ABSOLUTE
    __use_no_heap                            0x00000000   Number         0  useno.o ABSOLUTE
    __use_no_heap_region                     0x00000000   Number         0  useno.o ABSOLUTE
    __use_no_semihosting                     0x00000000   Number         0  useno.o ABSOLUTE
    __use_no_semihosting_swi                 0x00000000   Number         0  useno.o ABSOLUTE
    __use_no_signal_handling                 0x00000000   Number         0  useno.o ABSOLUTE
    _printf_a                                0x00000000   Number         0  stubs.o ABSOLUTE
    _printf_c                                0x00000000   Number         0  stubs.o ABSOLUTE
    _printf_charcount                        0x00000000   Number         0  stubs.o ABSOLUTE
    _printf_d                                0x00000000   Number         0  stubs.o ABSOLUTE
    _printf_e                                0x00000000   Number         0  stubs.o ABSOLUTE
    _printf_f                                0x00000000   Number         0  stubs.o ABSOLUTE
    _printf_flags                            0x00000000   Number         0  stubs.o ABSOLUTE
    _printf_fp_dec                           0x00000000   Number         0  stubs.o ABSOLUTE
    _printf_fp_hex                           0x00000000   Number         0  stubs.o ABSOLUTE
    _printf_g                                0x00000000   Number         0  stubs.o ABSOLUTE
    _printf_i                                0x00000000   Number         0  stubs.o ABSOLUTE
    _printf_int_dec                          0x00000000   Number         0  stubs.o ABSOLUTE
    _printf_l                                0x00000000   Number         0  stubs.o ABSOLUTE
    _printf_lc                               0x00000000   Number         0  stubs.o ABSOLUTE
    _printf_ll                               0x00000000   Number         0  stubs.o ABSOLUTE
    _printf_lld                              0x00000000   Number         0  stubs.o ABSOLUTE
    _printf_lli                              0x00000000   Number         0  stubs.o ABSOLUTE
    _printf_llo                              0x00000000   Number         0  stubs.o ABSOLUTE
    _printf_llu                              0x00000000   Number         0  stubs.o ABSOLUTE
    _printf_llx                              0x00000000   Number         0  stubs.o ABSOLUTE
    _printf_longlong_dec                     0x00000000   Number         0  stubs.o ABSOLUTE
    _printf_longlong_hex                     0x00000000   Number         0  stubs.o ABSOLUTE
    _printf_longlong_oct                     0x00000000   Number         0  stubs.o ABSOLUTE
    _printf_ls                               0x00000000   Number         0  stubs.o ABSOLUTE
    _printf_mbtowc                           0x00000000   Number         0  stubs.o ABSOLUTE
    _printf_n                                0x00000000   Number         0  stubs.o ABSOLUTE
    _printf_o                                0x00000000   Number         0  stubs.o ABSOLUTE
    _printf_p                                0x00000000   Number         0  stubs.o ABSOLUTE
    _printf_percent                          0x00000000   Number         0  stubs.o ABSOLUTE
    _printf_pre_padding                      0x00000000   Number         0  stubs.o ABSOLUTE
    _printf_return_value                     0x00000000   Number         0  stubs.o ABSOLUTE
    _printf_s                                0x00000000   Number         0  stubs.o ABSOLUTE
    _printf_sizespec                         0x00000000   Number         0  stubs.o ABSOLUTE
    _printf_str                              0x00000000   Number         0  stubs.o ABSOLUTE
    _printf_truncate_signed                  0x00000000   Number         0  stubs.o ABSOLUTE
    _printf_truncate_unsigned                0x00000000   Number         0  stubs.o ABSOLUTE
    _printf_u                                0x00000000   Number         0  stubs.o ABSOLUTE
    _printf_wc                               0x00000000   Number         0  stubs.o ABSOLUTE
    _printf_wctomb                           0x00000000   Number         0  stubs.o ABSOLUTE
    _printf_widthprec                        0x00000000   Number         0  stubs.o ABSOLUTE
    _printf_x                                0x00000000   Number         0  stubs.o ABSOLUTE
    __cpp_initialize__aeabi_                  - Undefined Weak Reference
    __cxa_finalize                            - Undefined Weak Reference
    __decompress                              - Undefined Weak Reference
    _clock_init                               - Undefined Weak Reference
    _microlib_exit                            - Undefined Weak Reference
    _scanf_longlong                           - Undefined Weak Reference
    _scanf_real                               - Undefined Weak Reference
    _scanf_string                             - Undefined Weak Reference
    __Vectors_Size                           0x00000130   Number         0  startup_stm32f10x_hd.o ABSOLUTE
    __Vectors                                0x08000000   Data           4  startup_stm32f10x_hd.o(RESET)
    __Vectors_End                            0x08000130   Data           0  startup_stm32f10x_hd.o(RESET)
    __main                                   0x08000131   Thumb Code     0  entry.o(.ARM.Collect$$$$00000000)
    _main_stk                                0x08000131   Thumb Code     0  entry2.o(.ARM.Collect$$$$00000001)
    _main_scatterload                        0x08000135   Thumb Code     0  entry5.o(.ARM.Collect$$$$00000004)
    __main_after_scatterload                 0x08000139   Thumb Code     0  entry5.o(.ARM.Collect$$$$00000004)
    _main_clock                              0x08000139   Thumb Code     0  entry7b.o(.ARM.Collect$$$$00000008)
    _main_cpp_init                           0x08000139   Thumb Code     0  entry8b.o(.ARM.Collect$$$$0000000A)
    _main_init                               0x08000139   Thumb Code     0  entry9a.o(.ARM.Collect$$$$0000000B)
    __rt_final_cpp                           0x08000141   Thumb Code     0  entry10a.o(.ARM.Collect$$$$0000000D)
    __rt_final_exit                          0x08000141   Thumb Code     0  entry11a.o(.ARM.Collect$$$$0000000F)
    vPortSVCHandler                          0x08000145   Thumb Code    28  port.o(.emb_text)
    __asm___6_port_c_39a90d8d__prvStartFirstTask 0x08000165   Thumb Code    16  port.o(.emb_text)
    xPortPendSVHandler                       0x08000179   Thumb Code    56  port.o(.emb_text)
    ulPortSetInterruptMask                   0x080001b5   Thumb Code    14  port.o(.emb_text)
    vPortClearInterruptMask                  0x080001c3   Thumb Code     6  port.o(.emb_text)
    Reset_Handler                            0x080001c9   Thumb Code     8  startup_stm32f10x_hd.o(.text)
    ADC1_2_IRQHandler                        0x080001e3   Thumb Code     0  startup_stm32f10x_hd.o(.text)
    ADC3_IRQHandler                          0x080001e3   Thumb Code     0  startup_stm32f10x_hd.o(.text)
    CAN1_RX1_IRQHandler                      0x080001e3   Thumb Code     0  startup_stm32f10x_hd.o(.text)
    CAN1_SCE_IRQHandler                      0x080001e3   Thumb Code     0  startup_stm32f10x_hd.o(.text)
    DMA1_Channel1_IRQHandler                 0x080001e3   Thumb Code     0  startup_stm32f10x_hd.o(.text)
    DMA1_Channel2_IRQHandler                 0x080001e3   Thumb Code     0  startup_stm32f10x_hd.o(.text)
    DMA1_Channel3_IRQHandler                 0x080001e3   Thumb Code     0  startup_stm32f10x_hd.o(.text)
    DMA1_Channel4_IRQHandler                 0x080001e3   Thumb Code     0  startup_stm32f10x_hd.o(.text)
    DMA1_Channel5_IRQHandler                 0x080001e3   Thumb Code     0  startup_stm32f10x_hd.o(.text)
    DMA1_Channel6_IRQHandler                 0x080001e3   Thumb Code     0  startup_stm32f10x_hd.o(.text)
    DMA1_Channel7_IRQHandler                 0x080001e3   Thumb Code     0  startup_stm32f10x_hd.o(.text)
    DMA2_Channel1_IRQHandler                 0x080001e3   Thumb Code     0  startup_stm32f10x_hd.o(.text)
    DMA2_Channel2_IRQHandler                 0x080001e3   Thumb Code     0  startup_stm32f10x_hd.o(.text)
    DMA2_Channel3_IRQHandler                 0x080001e3   Thumb Code     0  startup_stm32f10x_hd.o(.text)
    DMA2_Channel4_5_IRQHandler               0x080001e3   Thumb Code     0  startup_stm32f10x_hd.o(.text)
    EXTI15_10_IRQHandler                     0x080001e3   Thumb Code     0  startup_stm32f10x_hd.o(.text)
    EXTI1_IRQHandler                         0x080001e3   Thumb Code     0  startup_stm32f10x_hd.o(.text)
    EXTI9_5_IRQHandler                       0x080001e3   Thumb Code     0  startup_stm32f10x_hd.o(.text)
    FLASH_IRQHandler                         0x080001e3   Thumb Code     0  startup_stm32f10x_hd.o(.text)
    FSMC_IRQHandler                          0x080001e3   Thumb Code     0  startup_stm32f10x_hd.o(.text)
    I2C1_ER_IRQHandler                       0x080001e3   Thumb Code     0  startup_stm32f10x_hd.o(.text)
    I2C1_EV_IRQHandler                       0x080001e3   Thumb Code     0  startup_stm32f10x_hd.o(.text)
    I2C2_ER_IRQHandler                       0x080001e3   Thumb Code     0  startup_stm32f10x_hd.o(.text)
    I2C2_EV_IRQHandler                       0x080001e3   Thumb Code     0  startup_stm32f10x_hd.o(.text)
    PVD_IRQHandler                           0x080001e3   Thumb Code     0  startup_stm32f10x_hd.o(.text)
    RCC_IRQHandler                           0x080001e3   Thumb Code     0  startup_stm32f10x_hd.o(.text)
    RTCAlarm_IRQHandler                      0x080001e3   Thumb Code     0  startup_stm32f10x_hd.o(.text)
    SDIO_IRQHandler                          0x080001e3   Thumb Code     0  startup_stm32f10x_hd.o(.text)
    SPI1_IRQHandler                          0x080001e3   Thumb Code     0  startup_stm32f10x_hd.o(.text)
    SPI2_IRQHandler                          0x080001e3   Thumb Code     0  startup_stm32f10x_hd.o(.text)
    SPI3_IRQHandler                          0x080001e3   Thumb Code     0  startup_stm32f10x_hd.o(.text)
    TAMPER_IRQHandler                        0x080001e3   Thumb Code     0  startup_stm32f10x_hd.o(.text)
    TIM1_BRK_IRQHandler                      0x080001e3   Thumb Code     0  startup_stm32f10x_hd.o(.text)
    TIM1_CC_IRQHandler                       0x080001e3   Thumb Code     0  startup_stm32f10x_hd.o(.text)
    TIM1_TRG_COM_IRQHandler                  0x080001e3   Thumb Code     0  startup_stm32f10x_hd.o(.text)
    TIM1_UP_IRQHandler                       0x080001e3   Thumb Code     0  startup_stm32f10x_hd.o(.text)
    TIM4_IRQHandler                          0x080001e3   Thumb Code     0  startup_stm32f10x_hd.o(.text)
    TIM5_IRQHandler                          0x080001e3   Thumb Code     0  startup_stm32f10x_hd.o(.text)
    TIM6_IRQHandler                          0x080001e3   Thumb Code     0  startup_stm32f10x_hd.o(.text)
    TIM7_IRQHandler                          0x080001e3   Thumb Code     0  startup_stm32f10x_hd.o(.text)
    TIM8_BRK_IRQHandler                      0x080001e3   Thumb Code     0  startup_stm32f10x_hd.o(.text)
    TIM8_CC_IRQHandler                       0x080001e3   Thumb Code     0  startup_stm32f10x_hd.o(.text)
    TIM8_TRG_COM_IRQHandler                  0x080001e3   Thumb Code     0  startup_stm32f10x_hd.o(.text)
    TIM8_UP_IRQHandler                       0x080001e3   Thumb Code     0  startup_stm32f10x_hd.o(.text)
    UART4_IRQHandler                         0x080001e3   Thumb Code     0  startup_stm32f10x_hd.o(.text)
    UART5_IRQHandler                         0x080001e3   Thumb Code     0  startup_stm32f10x_hd.o(.text)
    USART2_IRQHandler                        0x080001e3   Thumb Code     0  startup_stm32f10x_hd.o(.text)
    USART3_IRQHandler                        0x080001e3   Thumb Code     0  startup_stm32f10x_hd.o(.text)
    USBWakeUp_IRQHandler                     0x080001e3   Thumb Code     0  startup_stm32f10x_hd.o(.text)
    USB_HP_CAN1_TX_IRQHandler                0x080001e3   Thumb Code     0  startup_stm32f10x_hd.o(.text)
    USB_LP_CAN1_RX0_IRQHandler               0x080001e3   Thumb Code     0  startup_stm32f10x_hd.o(.text)
    WWDG_IRQHandler                          0x080001e3   Thumb Code     0  startup_stm32f10x_hd.o(.text)
    __aeabi_memcpy                           0x080001ed   Thumb Code    36  memcpya.o(.text)
    __aeabi_memcpy4                          0x080001ed   Thumb Code     0  memcpya.o(.text)
    __aeabi_memcpy8                          0x080001ed   Thumb Code     0  memcpya.o(.text)
    __aeabi_memset                           0x08000211   Thumb Code    14  memseta.o(.text)
    __aeabi_memset4                          0x08000211   Thumb Code     0  memseta.o(.text)
    __aeabi_memset8                          0x08000211   Thumb Code     0  memseta.o(.text)
    __aeabi_memclr                           0x0800021f   Thumb Code     4  memseta.o(.text)
    __aeabi_memclr4                          0x0800021f   Thumb Code     0  memseta.o(.text)
    __aeabi_memclr8                          0x0800021f   Thumb Code     0  memseta.o(.text)
    _memset$wrapper                          0x08000223   Thumb Code    18  memseta.o(.text)
    strncpy                                  0x08000235   Thumb Code    24  strncpy.o(.text)
    strcmp                                   0x0800024d   Thumb Code    28  strcmp.o(.text)
    strtok                                   0x08000269   Thumb Code    62  strtok.o(.text)
    __0sscanf                                0x080002ad   Thumb Code    48  __0sscanf.o(.text)
    _scanf_int                               0x080002e5   Thumb Code   332  _scanf_int.o(.text)
    atoi                                     0x08000431   Thumb Code    26  atoi.o(.text)
    __aeabi_fmul                             0x0800044b   Thumb Code   100  fmul.o(.text)
    __ARM_scalbnf                            0x080004af   Thumb Code    24  fscalb.o(.text)
    scalbnf                                  0x080004af   Thumb Code     0  fscalb.o(.text)
    __aeabi_dadd                             0x080004c7   Thumb Code   322  dadd.o(.text)
    __aeabi_dsub                             0x08000609   Thumb Code     6  dadd.o(.text)
    __aeabi_drsub                            0x0800060f   Thumb Code     6  dadd.o(.text)
    __aeabi_dmul                             0x08000615   Thumb Code   228  dmul.o(.text)
    __aeabi_ddiv                             0x080006f9   Thumb Code   222  ddiv.o(.text)
    __aeabi_ui2f                             0x080007d7   Thumb Code    10  ffltui.o(.text)
    __aeabi_ui2d                             0x080007e1   Thumb Code    26  dfltui.o(.text)
    __aeabi_f2d                              0x080007fb   Thumb Code    38  f2d.o(.text)
    __aeabi_d2f                              0x08000821   Thumb Code    56  d2f.o(.text)
    __aeabi_uidiv                            0x08000859   Thumb Code     0  uidiv.o(.text)
    __aeabi_uidivmod                         0x08000859   Thumb Code    44  uidiv.o(.text)
    __aeabi_uldivmod                         0x08000885   Thumb Code    98  uldiv.o(.text)
    __aeabi_llsl                             0x080008e7   Thumb Code    30  llshl.o(.text)
    _ll_shift_l                              0x080008e7   Thumb Code     0  llshl.o(.text)
    __aeabi_lasr                             0x08000905   Thumb Code    36  llsshr.o(.text)
    _ll_sshift_r                             0x08000905   Thumb Code     0  llsshr.o(.text)
    _chval                                   0x08000929   Thumb Code    28  _chval.o(.text)
    __vfscanf_char                           0x08000951   Thumb Code    20  scanf_char.o(.text)
    _sgetc                                   0x0800096d   Thumb Code    30  _sgetc.o(.text)
    _sbackspace                              0x0800098b   Thumb Code    34  _sgetc.o(.text)
    strtol                                   0x080009ad   Thumb Code   112  strtol.o(.text)
    __I$use$fp                               0x08000a1d   Thumb Code     0  iusefp.o(.text)
    _float_round                             0x08000a1d   Thumb Code    18  fepilogue.o(.text)
    _float_epilogue                          0x08000a2f   Thumb Code    92  fepilogue.o(.text)
    _double_round                            0x08000a8b   Thumb Code    30  depilogue.o(.text)
    _double_epilogue                         0x08000aa9   Thumb Code   156  depilogue.o(.text)
    __aeabi_d2ulz                            0x08000b45   Thumb Code    48  dfixul.o(.text)
    __aeabi_cdrcmple                         0x08000b75   Thumb Code    48  cdrcmple.o(.text)
    __scatterload                            0x08000ba5   Thumb Code    28  init.o(.text)
    __scatterload_rt2                        0x08000ba5   Thumb Code     0  init.o(.text)
    __aeabi_llsr                             0x08000bc9   Thumb Code    32  llushr.o(.text)
    _ll_ushift_r                             0x08000bc9   Thumb Code     0  llushr.o(.text)
    __rt_ctype_table                         0x08000be9   Thumb Code     4  ctype_o.o(.text)
    isspace                                  0x08000bf1   Thumb Code    18  isspace_o.o(.text)
    __vfscanf                                0x08000c05   Thumb Code   808  _scanf.o(.text)
    _strtoul                                 0x08000f31   Thumb Code   158  _strtoul.o(.text)
    ADC_Cmd                                  0x08000fcf   Thumb Code    20  stm32f10x_adc.o(i.ADC_Cmd)
    ADC_DeInit                               0x08000fe5   Thumb Code    56  stm32f10x_adc.o(i.ADC_DeInit)
    ADC_GetCalibrationStatus                 0x08001029   Thumb Code    14  stm32f10x_adc.o(i.ADC_GetCalibrationStatus)
    ADC_GetConversionValue                   0x08001037   Thumb Code     6  stm32f10x_adc.o(i.ADC_GetConversionValue)
    ADC_GetFlagStatus                        0x0800103d   Thumb Code    14  stm32f10x_adc.o(i.ADC_GetFlagStatus)
    ADC_GetResetCalibrationStatus            0x0800104b   Thumb Code    14  stm32f10x_adc.o(i.ADC_GetResetCalibrationStatus)
    ADC_Init                                 0x08001059   Thumb Code    62  stm32f10x_adc.o(i.ADC_Init)
    ADC_RegularChannelConfig                 0x080010a1   Thumb Code   116  stm32f10x_adc.o(i.ADC_RegularChannelConfig)
    ADC_ResetCalibration                     0x08001115   Thumb Code    10  stm32f10x_adc.o(i.ADC_ResetCalibration)
    ADC_SoftwareStartConvCmd                 0x0800111f   Thumb Code    20  stm32f10x_adc.o(i.ADC_SoftwareStartConvCmd)
    ADC_StartCalibration                     0x08001133   Thumb Code    10  stm32f10x_adc.o(i.ADC_StartCalibration)
    ADC_TempSensorVrefintCmd                 0x0800113d   Thumb Code    22  stm32f10x_adc.o(i.ADC_TempSensorVrefintCmd)
    BKP_DeInit                               0x08001159   Thumb Code    18  stm32f10x_bkp.o(i.BKP_DeInit)
    BKP_ReadBackupRegister                   0x0800116d   Thumb Code    12  stm32f10x_bkp.o(i.BKP_ReadBackupRegister)
    BKP_WriteBackupRegister                  0x0800117d   Thumb Code    12  stm32f10x_bkp.o(i.BKP_WriteBackupRegister)
    BusFault_Handler                         0x0800118d   Thumb Code     2  stm32f10x_it.o(i.BusFault_Handler)
    DebugMon_Handler                         0x08001371   Thumb Code     2  stm32f10x_it.o(i.DebugMon_Handler)
    EXTI0_IRQHandler                         0x080014a5   Thumb Code    20  usr_extint.o(i.EXTI0_IRQHandler)
    EXTI2_IRQHandler                         0x080014bd   Thumb Code    20  usr_extint.o(i.EXTI2_IRQHandler)
    EXTI3_IRQHandler                         0x080014d5   Thumb Code    20  usr_extint.o(i.EXTI3_IRQHandler)
    EXTI4_IRQHandler                         0x080014ed   Thumb Code    20  usr_extint.o(i.EXTI4_IRQHandler)
    EXTI_ClearITPendingBit                   0x08001505   Thumb Code     6  stm32f10x_exti.o(i.EXTI_ClearITPendingBit)
    GPIO_Init                                0x08001511   Thumb Code   162  stm32f10x_gpio.o(i.GPIO_Init)
    GPIO_ReadInputDataBit                    0x080015b3   Thumb Code    14  stm32f10x_gpio.o(i.GPIO_ReadInputDataBit)
    GPIO_ResetBits                           0x080015c1   Thumb Code     4  stm32f10x_gpio.o(i.GPIO_ResetBits)
    GPIO_SetBits                             0x080015c5   Thumb Code     4  stm32f10x_gpio.o(i.GPIO_SetBits)
    HardFault_Handler                        0x080015c9   Thumb Code     2  stm32f10x_it.o(i.HardFault_Handler)
    MemManage_Handler                        0x080015cb   Thumb Code     2  stm32f10x_it.o(i.MemManage_Handler)
    MenuMain                                 0x080015cd   Thumb Code    16  menu.o(i.MenuMain)
    MenuStart                                0x080015dd   Thumb Code    32  menu.o(i.MenuStart)
    NMI_Handler                              0x080015fd   Thumb Code     2  stm32f10x_it.o(i.NMI_Handler)
    NVIC_Configuration                       0x080015ff   Thumb Code   114  usr_sys.o(i.NVIC_Configuration)
    NVIC_Init                                0x08001671   Thumb Code    94  misc.o(i.NVIC_Init)
    NVIC_PriorityGroupConfig                 0x080016d5   Thumb Code    10  misc.o(i.NVIC_PriorityGroupConfig)
    PWR_BackupAccessCmd                      0x080016e9   Thumb Code     6  stm32f10x_pwr.o(i.PWR_BackupAccessCmd)
    RCC_ADCCLKConfig                         0x080016f5   Thumb Code    14  stm32f10x_rcc.o(i.RCC_ADCCLKConfig)
    RCC_APB1PeriphClockCmd                   0x08001709   Thumb Code    18  stm32f10x_rcc.o(i.RCC_APB1PeriphClockCmd)
    RCC_APB1PeriphResetCmd                   0x08001721   Thumb Code    18  stm32f10x_rcc.o(i.RCC_APB1PeriphResetCmd)
    RCC_APB2PeriphClockCmd                   0x08001739   Thumb Code    18  stm32f10x_rcc.o(i.RCC_APB2PeriphClockCmd)
    RCC_APB2PeriphResetCmd                   0x08001751   Thumb Code    18  stm32f10x_rcc.o(i.RCC_APB2PeriphResetCmd)
    RCC_BackupResetCmd                       0x08001769   Thumb Code     6  stm32f10x_rcc.o(i.RCC_BackupResetCmd)
    RCC_GetClocksFreq                        0x08001775   Thumb Code   128  stm32f10x_rcc.o(i.RCC_GetClocksFreq)
    RCC_GetFlagStatus                        0x08001805   Thumb Code    44  stm32f10x_rcc.o(i.RCC_GetFlagStatus)
    RCC_LSEConfig                            0x08001835   Thumb Code    28  stm32f10x_rcc.o(i.RCC_LSEConfig)
    RCC_RTCCLKCmd                            0x08001855   Thumb Code     6  stm32f10x_rcc.o(i.RCC_RTCCLKCmd)
    RCC_RTCCLKConfig                         0x08001861   Thumb Code    10  stm32f10x_rcc.o(i.RCC_RTCCLKConfig)
    RTC_ClearITPendingBit                    0x08001871   Thumb Code    10  stm32f10x_rtc.o(i.RTC_ClearITPendingBit)
    RTC_EnterConfigMode                      0x08001881   Thumb Code    12  stm32f10x_rtc.o(i.RTC_EnterConfigMode)
    RTC_ExitConfigMode                       0x08001891   Thumb Code    12  stm32f10x_rtc.o(i.RTC_ExitConfigMode)
    RTC_GetITStatus                          0x080018a1   Thumb Code    28  stm32f10x_rtc.o(i.RTC_GetITStatus)
    RTC_IRQHandler                           0x080018c1   Thumb Code    42  usr_rtc.o(i.RTC_IRQHandler)
    RTC_ITConfig                             0x080018ed   Thumb Code    18  stm32f10x_rtc.o(i.RTC_ITConfig)
    RTC_SetCounter                           0x08001905   Thumb Code    26  stm32f10x_rtc.o(i.RTC_SetCounter)
    RTC_SetPrescaler                         0x08001925   Thumb Code    28  stm32f10x_rtc.o(i.RTC_SetPrescaler)
    RTC_WaitForLastTask                      0x08001945   Thumb Code    10  stm32f10x_rtc.o(i.RTC_WaitForLastTask)
    RTC_WaitForSynchro                       0x08001955   Thumb Code    18  stm32f10x_rtc.o(i.RTC_WaitForSynchro)
    SPI_I2S_GetFlagStatus                    0x0800196d   Thumb Code    14  stm32f10x_spi.o(i.SPI_I2S_GetFlagStatus)
    SPI_I2S_ReceiveData                      0x0800197b   Thumb Code     4  stm32f10x_spi.o(i.SPI_I2S_ReceiveData)
    SPI_I2S_SendData                         0x0800197f   Thumb Code     4  stm32f10x_spi.o(i.SPI_I2S_SendData)
    SysTick_CLKSourceConfig                  0x08001a2d   Thumb Code    24  misc.o(i.SysTick_CLKSourceConfig)
    SystemInit                               0x08001a45   Thumb Code    64  system_stm32f10x.o(i.SystemInit)
    TIM2_IRQHandler                          0x08001a95   Thumb Code    46  usr_timer.o(i.TIM2_IRQHandler)
    TIM2_Int_Init                            0x08001ac9   Thumb Code    92  usr_timer.o(i.TIM2_Int_Init)
    TIM3_IRQHandler                          0x08001b25   Thumb Code    46  usr_timer.o(i.TIM3_IRQHandler)
    TIM_ClearITPendingBit                    0x08001b5d   Thumb Code     6  stm32f10x_tim.o(i.TIM_ClearITPendingBit)
    TIM_Cmd                                  0x08001b63   Thumb Code    20  stm32f10x_tim.o(i.TIM_Cmd)
    TIM_GetITStatus                          0x08001b77   Thumb Code    24  stm32f10x_tim.o(i.TIM_GetITStatus)
    TIM_ITConfig                             0x08001b8f   Thumb Code    16  stm32f10x_tim.o(i.TIM_ITConfig)
    TIM_SetCompare2                          0x08001b9f   Thumb Code     4  stm32f10x_tim.o(i.TIM_SetCompare2)
    TIM_TimeBaseInit                         0x08001ba5   Thumb Code   114  stm32f10x_tim.o(i.TIM_TimeBaseInit)
    USART1OUT                                0x08001c41   Thumb Code    20  main.o(i.USART1OUT)
    USART1_IRQHandler                        0x08001c5d   Thumb Code    38  usr_usart.o(i.USART1_IRQHandler)
    USART_Cmd                                0x08001c8d   Thumb Code    20  stm32f10x_usart.o(i.USART_Cmd)
    USART_DeInit                             0x08001ca1   Thumb Code    96  stm32f10x_usart.o(i.USART_DeInit)
    USART_GetFlagStatus                      0x08001d15   Thumb Code    14  stm32f10x_usart.o(i.USART_GetFlagStatus)
    USART_GetITStatus                        0x08001d23   Thumb Code    62  stm32f10x_usart.o(i.USART_GetITStatus)
    USART_ITConfig                           0x08001d61   Thumb Code    48  stm32f10x_usart.o(i.USART_ITConfig)
    USART_Init                               0x08001d91   Thumb Code   166  stm32f10x_usart.o(i.USART_Init)
    USART_ReceiveData                        0x08001e3d   Thumb Code     8  stm32f10x_usart.o(i.USART_ReceiveData)
    USART_SendData                           0x08001e45   Thumb Code     8  stm32f10x_usart.o(i.USART_SendData)
    UsageFault_Handler                       0x08001e4d   Thumb Code     2  stm32f10x_it.o(i.UsageFault_Handler)
    __0printf                                0x08001e51   Thumb Code    22  printfa.o(i.__0printf)
    __1printf                                0x08001e51   Thumb Code     0  printfa.o(i.__0printf)
    __2printf                                0x08001e51   Thumb Code     0  printfa.o(i.__0printf)
    __c89printf                              0x08001e51   Thumb Code     0  printfa.o(i.__0printf)
    printf                                   0x08001e51   Thumb Code     0  printfa.o(i.__0printf)
    __0sprintf                               0x08001e71   Thumb Code    34  printfa.o(i.__0sprintf)
    __1sprintf                               0x08001e71   Thumb Code     0  printfa.o(i.__0sprintf)
    __2sprintf                               0x08001e71   Thumb Code     0  printfa.o(i.__0sprintf)
    __c89sprintf                             0x08001e71   Thumb Code     0  printfa.o(i.__0sprintf)
    sprintf                                  0x08001e71   Thumb Code     0  printfa.o(i.__0sprintf)
    __aeabi_errno_addr                       0x08001e99   Thumb Code     4  errno.o(i.__aeabi_errno_addr)
    __rt_errno_addr                          0x08001e99   Thumb Code     0  errno.o(i.__aeabi_errno_addr)
    __scatterload_copy                       0x08001ea1   Thumb Code    14  handlers.o(i.__scatterload_copy)
    __scatterload_null                       0x08001eaf   Thumb Code     2  handlers.o(i.__scatterload_null)
    __scatterload_zeroinit                   0x08001eb1   Thumb Code    14  handlers.o(i.__scatterload_zeroinit)
    conGets                                  0x08002761   Thumb Code   110  menu.o(i.conGets)
    console_main                             0x080027d5   Thumb Code    20  console.o(i.console_main)
    deQueue                                  0x080027f9   Thumb Code    36  queue.o(i.deQueue)
    delay_init                               0x0800281d   Thumb Code    46  usr_delay.o(i.delay_init)
    delay_ms                                 0x08002859   Thumb Code    46  usr_delay.o(i.delay_ms)
    enQueue                                  0x080029c1   Thumb Code    40  queue.o(i.enQueue)
    fputc                                    0x08002a39   Thumb Code    30  usr_usart.o(i.fputc)
    fputs                                    0x08002a5d   Thumb Code    24  fputs.o(i.fputs)
    initQueue                                0x08002b65   Thumb Code    20  queue.o(i.initQueue)
    main                                     0x08002c79   Thumb Code   196  main.o(i.main)
    putc                                     0x08002f0d   Thumb Code     4  putc.o(i.putc)
    pvPortMalloc                             0x08002f11   Thumb Code   172  heap_2.o(i.pvPortMalloc)
    pxPortInitialiseStack                    0x08002fc5   Thumb Code    28  port.o(i.pxPortInitialiseStack)
    usart_hitkey                             0x08003261   Thumb Code    20  usr_usart.o(i.usart_hitkey)
    usart_init                               0x08003279   Thumb Code   166  usr_usart.o(i.usart_init)
    usr_fram_read                            0x0800332d   Thumb Code    66  usr_fram.o(i.usr_fram_read)
    usr_fram_read_sr                         0x08003375   Thumb Code    32  usr_fram.o(i.usr_fram_read_sr)
    usr_fram_write                           0x08003399   Thumb Code   106  usr_fram.o(i.usr_fram_write)
    usr_fram_write_sr                        0x08003409   Thumb Code    34  usr_fram.o(i.usr_fram_write_sr)
    usradc_get                               0x08003431   Thumb Code    46  usr_adc.o(i.usradc_get)
    usradc_getav                             0x08003465   Thumb Code    56  usr_adc.o(i.usradc_getav)
    usradc_init                              0x0800349d   Thumb Code   152  usr_adc.o(i.usradc_init)
    usrled_init                              0x0800353d   Thumb Code    82  usr_led.o(i.usrled_init)
    usrrtc_get                               0x08003599   Thumb Code   286  usr_rtc.o(i.usrrtc_get)
    usrrtc_init                              0x080036cd   Thumb Code   210  usr_rtc.o(i.usrrtc_init)
    usrrtc_set                               0x080037a1   Thumb Code   190  usr_rtc.o(i.usrrtc_set)
    usrspi2_WriteReadAByte                   0x08003871   Thumb Code    48  usr_spi.o(i.usrspi2_WriteReadAByte)
    usrtadc_getadc                           0x080038a5   Thumb Code    46  usr_tsensor.o(i.usrtadc_getadc)
    usrtadc_gettm                            0x080038d9   Thumb Code    52  usr_tsensor.o(i.usrtadc_gettm)
    usrtadc_init                             0x0800390d   Thumb Code   114  usr_tsensor.o(i.usrtadc_init)
    uxListRemove                             0x08003985   Thumb Code    38  list.o(i.uxListRemove)
    vListInitialise                          0x080039ab   Thumb Code    22  list.o(i.vListInitialise)
    vListInitialiseItem                      0x080039c1   Thumb Code     6  list.o(i.vListInitialiseItem)
    vListInsert                              0x080039c7   Thumb Code    48  list.o(i.vListInsert)
    vListInsertEnd                           0x080039f7   Thumb Code    28  list.o(i.vListInsertEnd)
    vPortEnterCritical                       0x08003a15   Thumb Code    24  port.o(i.vPortEnterCritical)
    vPortExitCritical                        0x08003a31   Thumb Code    16  port.o(i.vPortExitCritical)
    vPortFree                                0x08003a45   Thumb Code    56  heap_2.o(i.vPortFree)
    vPortSetupTimerInterrupt                 0x08003a81   Thumb Code    14  port.o(i.vPortSetupTimerInterrupt)
    vPortYield                               0x08003a95   Thumb Code    18  port.o(i.vPortYield)
    vTask1                                   0x08003aad   Thumb Code    38  main.o(i.vTask1)
    vTask2                                   0x08003aed   Thumb Code    38  main.o(i.vTask2)
    vTask3                                   0x08003b2d   Thumb Code    38  main.o(i.vTask3)
    vTaskIdle                                0x08003b6d   Thumb Code     4  main.o(i.vTaskIdle)
    vTaskIncrementTick                       0x08003b71   Thumb Code   150  tasks.o(i.vTaskIncrementTick)
    vTaskMissedYield                         0x08003c11   Thumb Code     8  tasks.o(i.vTaskMissedYield)
    vTaskPlaceOnEventList                    0x08003c1d   Thumb Code    52  tasks.o(i.vTaskPlaceOnEventList)
    vTaskSetTimeOutState                     0x08003c59   Thumb Code    12  tasks.o(i.vTaskSetTimeOutState)
    vTaskStartScheduler                      0x08003c69   Thumb Code    50  tasks.o(i.vTaskStartScheduler)
    vTaskSuspendAll                          0x08003cad   Thumb Code    10  tasks.o(i.vTaskSuspendAll)
    vTaskSwitchContext                       0x08003cbd   Thumb Code    66  tasks.o(i.vTaskSwitchContext)
    xPortStartScheduler                      0x08003e95   Thumb Code    38  port.o(i.xPortStartScheduler)
    xPortSysTickHandler                      0x08003ec5   Thumb Code    28  port.o(i.xPortSysTickHandler)
    xQueueGenericCreate                      0x08003ee5   Thumb Code    66  queue_1.o(i.xQueueGenericCreate)
    xQueueGenericReceive                     0x08003f27   Thumb Code   230  queue_1.o(i.xQueueGenericReceive)
    xQueueGenericReset                       0x0800400d   Thumb Code    96  queue_1.o(i.xQueueGenericReset)
    xQueueGenericSend                        0x0800406d   Thumb Code   210  queue_1.o(i.xQueueGenericSend)
    xTaskCheckForTimeOut                     0x08004141   Thumb Code    72  tasks.o(i.xTaskCheckForTimeOut)
    xTaskGenericCreate                       0x0800418d   Thumb Code   346  tasks.o(i.xTaskGenericCreate)
    xTaskRemoveFromEventList                 0x080042f1   Thumb Code    80  tasks.o(i.xTaskRemoveFromEventList)
    xTaskResumeAll                           0x08004349   Thumb Code   156  tasks.o(i.xTaskResumeAll)
    table_week                               0x080043ec   Data          12  usr_rtc.o(.constdata)
    mon_table                                0x080043f8   Data          12  usr_rtc.o(.constdata)
    gpio                                     0x08004440   Data         240  gpio.o(.constdata)
    framo                                    0x08004530   Data         140  fram.o(.constdata)
    __ctype_table                            0x080045bc   Data         129  ctype_o.o(.constdata)
    Region$$Table$$Base                      0x08004900   Number         0  anon$$obj.o(Region$$Table)
    Region$$Table$$Limit                     0x08004920   Number         0  anon$$obj.o(Region$$Table)
    __stdout                                 0x20000038   Data           4  usr_usart.o(.data)
    mainDELAY_LOOP_COUNT                     0x20000040   Data           4  main.o(.data)
    USART1_MSGQ                              0x20000044   Data           4  main.o(.data)
    SystemCoreClock                          0x20000048   Data           4  system_stm32f10x.o(.data)
    AHBPrescTable                            0x2000004c   Data          16  system_stm32f10x.o(.data)
    pxCurrentTCB                             0x20000080   Data           4  tasks.o(.data)
    calendar                                 0x200000e4   Data          10  usr_rtc.o(.bss)
    __initial_sp                             0x20004c48   Data           0  startup_stm32f10x_hd.o(STACK)



==============================================================================

Memory Map of the image

  Image Entry point : 0x08000131

  Load Region LR_IROM1 (Base: 0x08000000, Size: 0x000049e4, Max: 0x00010000, ABSOLUTE)

    Execution Region ER_IROM1 (Base: 0x08000000, Size: 0x00004920, Max: 0x00010000, ABSOLUTE)

    Base Addr    Size         Type   Attr      Idx    E Section Name        Object

    0x08000000   0x00000130   Data   RO         4456    RESET               startup_stm32f10x_hd.o
    0x08000130   0x00000000   Code   RO         4461  * .ARM.Collect$$$$00000000  mc_w.l(entry.o)
    0x08000130   0x00000004   Code   RO         4775    .ARM.Collect$$$$00000001  mc_w.l(entry2.o)
    0x08000134   0x00000004   Code   RO         4778    .ARM.Collect$$$$00000004  mc_w.l(entry5.o)
    0x08000138   0x00000000   Code   RO         4780    .ARM.Collect$$$$00000008  mc_w.l(entry7b.o)
    0x08000138   0x00000000   Code   RO         4782    .ARM.Collect$$$$0000000A  mc_w.l(entry8b.o)
    0x08000138   0x00000008   Code   RO         4783    .ARM.Collect$$$$0000000B  mc_w.l(entry9a.o)
    0x08000140   0x00000000   Code   RO         4785    .ARM.Collect$$$$0000000D  mc_w.l(entry10a.o)
    0x08000140   0x00000000   Code   RO         4787    .ARM.Collect$$$$0000000F  mc_w.l(entry11a.o)
    0x08000140   0x00000004   Code   RO         4776    .ARM.Collect$$$$00002712  mc_w.l(entry2.o)
    0x08000144   0x00000084   Code   RO         4114    .emb_text           port.o
    0x080001c8   0x00000024   Code   RO         4457    .text               startup_stm32f10x_hd.o
    0x080001ec   0x00000024   Code   RO         4472    .text               mc_w.l(memcpya.o)
    0x08000210   0x00000024   Code   RO         4474    .text               mc_w.l(memseta.o)
    0x08000234   0x00000018   Code   RO         4476    .text               mc_w.l(strncpy.o)
    0x0800024c   0x0000001c   Code   RO         4478    .text               mc_w.l(strcmp.o)
    0x08000268   0x00000044   Code   RO         4480    .text               mc_w.l(strtok.o)
    0x080002ac   0x00000038   Code   RO         4749    .text               mc_w.l(__0sscanf.o)
    0x080002e4   0x0000014c   Code   RO         4751    .text               mc_w.l(_scanf_int.o)
    0x08000430   0x0000001a   Code   RO         4753    .text               mc_w.l(atoi.o)
    0x0800044a   0x00000064   Code   RO         4755    .text               mf_w.l(fmul.o)
    0x080004ae   0x00000018   Code   RO         4757    .text               mf_w.l(fscalb.o)
    0x080004c6   0x0000014e   Code   RO         4759    .text               mf_w.l(dadd.o)
    0x08000614   0x000000e4   Code   RO         4761    .text               mf_w.l(dmul.o)
    0x080006f8   0x000000de   Code   RO         4763    .text               mf_w.l(ddiv.o)
    0x080007d6   0x0000000a   Code   RO         4765    .text               mf_w.l(ffltui.o)
    0x080007e0   0x0000001a   Code   RO         4767    .text               mf_w.l(dfltui.o)
    0x080007fa   0x00000026   Code   RO         4771    .text               mf_w.l(f2d.o)
    0x08000820   0x00000038   Code   RO         4773    .text               mf_w.l(d2f.o)
    0x08000858   0x0000002c   Code   RO         4789    .text               mc_w.l(uidiv.o)
    0x08000884   0x00000062   Code   RO         4791    .text               mc_w.l(uldiv.o)
    0x080008e6   0x0000001e   Code   RO         4793    .text               mc_w.l(llshl.o)
    0x08000904   0x00000024   Code   RO         4795    .text               mc_w.l(llsshr.o)
    0x08000928   0x0000001c   Code   RO         4804    .text               mc_w.l(_chval.o)
    0x08000944   0x00000028   Code   RO         4806    .text               mc_w.l(scanf_char.o)
    0x0800096c   0x00000040   Code   RO         4808    .text               mc_w.l(_sgetc.o)
    0x080009ac   0x00000070   Code   RO         4810    .text               mc_w.l(strtol.o)
    0x08000a1c   0x00000000   Code   RO         4812    .text               mc_w.l(iusefp.o)
    0x08000a1c   0x0000006e   Code   RO         4813    .text               mf_w.l(fepilogue.o)
    0x08000a8a   0x000000ba   Code   RO         4815    .text               mf_w.l(depilogue.o)
    0x08000b44   0x00000030   Code   RO         4817    .text               mf_w.l(dfixul.o)
    0x08000b74   0x00000030   Code   RO         4819    .text               mf_w.l(cdrcmple.o)
    0x08000ba4   0x00000024   Code   RO         4821    .text               mc_w.l(init.o)
    0x08000bc8   0x00000020   Code   RO         4823    .text               mc_w.l(llushr.o)
    0x08000be8   0x00000008   Code   RO         4827    .text               mc_w.l(ctype_o.o)
    0x08000bf0   0x00000012   Code   RO         4849    .text               mc_w.l(isspace_o.o)
    0x08000c02   0x00000002   PAD
    0x08000c04   0x0000032c   Code   RO         4855    .text               mc_w.l(_scanf.o)
    0x08000f30   0x0000009e   Code   RO         4857    .text               mc_w.l(_strtoul.o)
    0x08000fce   0x00000014   Code   RO           95    i.ADC_Cmd           stm32f10x_adc.o
    0x08000fe2   0x00000002   PAD
    0x08000fe4   0x00000044   Code   RO           97    i.ADC_DeInit        stm32f10x_adc.o
    0x08001028   0x0000000e   Code   RO          103    i.ADC_GetCalibrationStatus  stm32f10x_adc.o
    0x08001036   0x00000006   Code   RO          104    i.ADC_GetConversionValue  stm32f10x_adc.o
    0x0800103c   0x0000000e   Code   RO          106    i.ADC_GetFlagStatus  stm32f10x_adc.o
    0x0800104a   0x0000000e   Code   RO          109    i.ADC_GetResetCalibrationStatus  stm32f10x_adc.o
    0x08001058   0x00000048   Code   RO          113    i.ADC_Init          stm32f10x_adc.o
    0x080010a0   0x00000074   Code   RO          117    i.ADC_RegularChannelConfig  stm32f10x_adc.o
    0x08001114   0x0000000a   Code   RO          118    i.ADC_ResetCalibration  stm32f10x_adc.o
    0x0800111e   0x00000014   Code   RO          120    i.ADC_SoftwareStartConvCmd  stm32f10x_adc.o
    0x08001132   0x0000000a   Code   RO          122    i.ADC_StartCalibration  stm32f10x_adc.o
    0x0800113c   0x0000001c   Code   RO          124    i.ADC_TempSensorVrefintCmd  stm32f10x_adc.o
    0x08001158   0x00000012   Code   RO          313    i.BKP_DeInit        stm32f10x_bkp.o
    0x0800116a   0x00000002   PAD
    0x0800116c   0x00000010   Code   RO          318    i.BKP_ReadBackupRegister  stm32f10x_bkp.o
    0x0800117c   0x00000010   Code   RO          322    i.BKP_WriteBackupRegister  stm32f10x_bkp.o
    0x0800118c   0x00000002   Code   RO         3619    i.BusFault_Handler  stm32f10x_it.o
    0x0800118e   0x00000002   PAD
    0x08001190   0x00000158   Code   RO         3818    i.CmdExec           menu.o
    0x080012e8   0x00000088   Code   RO         3819    i.CmdLoop           menu.o
    0x08001370   0x00000002   Code   RO         3620    i.DebugMon_Handler  stm32f10x_it.o
    0x08001372   0x00000002   PAD
    0x08001374   0x00000058   Code   RO         3820    i.DisplayCmd        menu.o
    0x080013cc   0x000000d8   Code   RO         3821    i.DisplayMenu       menu.o
    0x080014a4   0x00000018   Code   RO         3514    i.EXTI0_IRQHandler  usr_extint.o
    0x080014bc   0x00000018   Code   RO         3515    i.EXTI2_IRQHandler  usr_extint.o
    0x080014d4   0x00000018   Code   RO         3516    i.EXTI3_IRQHandler  usr_extint.o
    0x080014ec   0x00000018   Code   RO         3517    i.EXTI4_IRQHandler  usr_extint.o
    0x08001504   0x0000000c   Code   RO          863    i.EXTI_ClearITPendingBit  stm32f10x_exti.o
    0x08001510   0x000000a2   Code   RO         1223    i.GPIO_Init         stm32f10x_gpio.o
    0x080015b2   0x0000000e   Code   RO         1227    i.GPIO_ReadInputDataBit  stm32f10x_gpio.o
    0x080015c0   0x00000004   Code   RO         1230    i.GPIO_ResetBits    stm32f10x_gpio.o
    0x080015c4   0x00000004   Code   RO         1231    i.GPIO_SetBits      stm32f10x_gpio.o
    0x080015c8   0x00000002   Code   RO         3621    i.HardFault_Handler  stm32f10x_it.o
    0x080015ca   0x00000002   Code   RO         3622    i.MemManage_Handler  stm32f10x_it.o
    0x080015cc   0x00000010   Code   RO         3822    i.MenuMain          menu.o
    0x080015dc   0x00000020   Code   RO         3823    i.MenuStart         menu.o
    0x080015fc   0x00000002   Code   RO         3623    i.NMI_Handler       stm32f10x_it.o
    0x080015fe   0x00000072   Code   RO         3192    i.NVIC_Configuration  usr_sys.o
    0x08001670   0x00000064   Code   RO            1    i.NVIC_Init         misc.o
    0x080016d4   0x00000014   Code   RO            2    i.NVIC_PriorityGroupConfig  misc.o
    0x080016e8   0x0000000c   Code   RO         1583    i.PWR_BackupAccessCmd  stm32f10x_pwr.o
    0x080016f4   0x00000014   Code   RO         1643    i.RCC_ADCCLKConfig  stm32f10x_rcc.o
    0x08001708   0x00000018   Code   RO         1645    i.RCC_APB1PeriphClockCmd  stm32f10x_rcc.o
    0x08001720   0x00000018   Code   RO         1646    i.RCC_APB1PeriphResetCmd  stm32f10x_rcc.o
    0x08001738   0x00000018   Code   RO         1647    i.RCC_APB2PeriphClockCmd  stm32f10x_rcc.o
    0x08001750   0x00000018   Code   RO         1648    i.RCC_APB2PeriphResetCmd  stm32f10x_rcc.o
    0x08001768   0x0000000c   Code   RO         1650    i.RCC_BackupResetCmd  stm32f10x_rcc.o
    0x08001774   0x00000090   Code   RO         1655    i.RCC_GetClocksFreq  stm32f10x_rcc.o
    0x08001804   0x00000030   Code   RO         1656    i.RCC_GetFlagStatus  stm32f10x_rcc.o
    0x08001834   0x00000020   Code   RO         1663    i.RCC_LSEConfig     stm32f10x_rcc.o
    0x08001854   0x0000000c   Code   RO         1670    i.RCC_RTCCLKCmd     stm32f10x_rcc.o
    0x08001860   0x00000010   Code   RO         1671    i.RCC_RTCCLKConfig  stm32f10x_rcc.o
    0x08001870   0x00000010   Code   RO         1844    i.RTC_ClearITPendingBit  stm32f10x_rtc.o
    0x08001880   0x00000010   Code   RO         1845    i.RTC_EnterConfigMode  stm32f10x_rtc.o
    0x08001890   0x00000010   Code   RO         1846    i.RTC_ExitConfigMode  stm32f10x_rtc.o
    0x080018a0   0x00000020   Code   RO         1850    i.RTC_GetITStatus   stm32f10x_rtc.o
    0x080018c0   0x0000002a   Code   RO         3356    i.RTC_IRQHandler    usr_rtc.o
    0x080018ea   0x00000002   PAD
    0x080018ec   0x00000018   Code   RO         1851    i.RTC_ITConfig      stm32f10x_rtc.o
    0x08001904   0x00000020   Code   RO         1853    i.RTC_SetCounter    stm32f10x_rtc.o
    0x08001924   0x00000020   Code   RO         1854    i.RTC_SetPrescaler  stm32f10x_rtc.o
    0x08001944   0x00000010   Code   RO         1855    i.RTC_WaitForLastTask  stm32f10x_rtc.o
    0x08001954   0x00000018   Code   RO         1856    i.RTC_WaitForSynchro  stm32f10x_rtc.o
    0x0800196c   0x0000000e   Code   RO         2134    i.SPI_I2S_GetFlagStatus  stm32f10x_spi.o
    0x0800197a   0x00000004   Code   RO         2137    i.SPI_I2S_ReceiveData  stm32f10x_spi.o
    0x0800197e   0x00000004   Code   RO         2138    i.SPI_I2S_SendData  stm32f10x_spi.o
    0x08001982   0x00000002   PAD
    0x08001984   0x000000a8   Code   RO         3682    i.SetSysClockTo72   system_stm32f10x.o
    0x08001a2c   0x00000018   Code   RO            5    i.SysTick_CLKSourceConfig  misc.o
    0x08001a44   0x00000050   Code   RO         3684    i.SystemInit        system_stm32f10x.o
    0x08001a94   0x00000034   Code   RO         3263    i.TIM2_IRQHandler   usr_timer.o
    0x08001ac8   0x0000005c   Code   RO         3264    i.TIM2_Int_Init     usr_timer.o
    0x08001b24   0x00000038   Code   RO         3265    i.TIM3_IRQHandler   usr_timer.o
    0x08001b5c   0x00000006   Code   RO         2277    i.TIM_ClearITPendingBit  stm32f10x_tim.o
    0x08001b62   0x00000014   Code   RO         2282    i.TIM_Cmd           stm32f10x_tim.o
    0x08001b76   0x00000018   Code   RO         2303    i.TIM_GetITStatus   stm32f10x_tim.o
    0x08001b8e   0x00000010   Code   RO         2307    i.TIM_ITConfig      stm32f10x_tim.o
    0x08001b9e   0x00000004   Code   RO         2344    i.TIM_SetCompare2   stm32f10x_tim.o
    0x08001ba2   0x00000002   PAD
    0x08001ba4   0x0000009c   Code   RO         2353    i.TIM_TimeBaseInit  stm32f10x_tim.o
    0x08001c40   0x0000001c   Code   RO         3553    i.USART1OUT         main.o
    0x08001c5c   0x00000030   Code   RO         3210    i.USART1_IRQHandler  usr_usart.o
    0x08001c8c   0x00000014   Code   RO         2805    i.USART_Cmd         stm32f10x_usart.o
    0x08001ca0   0x00000074   Code   RO         2807    i.USART_DeInit      stm32f10x_usart.o
    0x08001d14   0x0000000e   Code   RO         2808    i.USART_GetFlagStatus  stm32f10x_usart.o
    0x08001d22   0x0000003e   Code   RO         2809    i.USART_GetITStatus  stm32f10x_usart.o
    0x08001d60   0x00000030   Code   RO         2811    i.USART_ITConfig    stm32f10x_usart.o
    0x08001d90   0x000000ac   Code   RO         2812    i.USART_Init        stm32f10x_usart.o
    0x08001e3c   0x00000008   Code   RO         2819    i.USART_ReceiveData  stm32f10x_usart.o
    0x08001e44   0x00000008   Code   RO         2822    i.USART_SendData    stm32f10x_usart.o
    0x08001e4c   0x00000002   Code   RO         3627    i.UsageFault_Handler  stm32f10x_it.o
    0x08001e4e   0x00000002   PAD
    0x08001e50   0x00000020   Code   RO         4721    i.__0printf         mc_w.l(printfa.o)
    0x08001e70   0x00000028   Code   RO         4723    i.__0sprintf        mc_w.l(printfa.o)
    0x08001e98   0x00000008   Code   RO         4797    i.__aeabi_errno_addr  mc_w.l(errno.o)
    0x08001ea0   0x0000000e   Code   RO         4864    i.__scatterload_copy  mc_w.l(handlers.o)
    0x08001eae   0x00000002   Code   RO         4865    i.__scatterload_null  mc_w.l(handlers.o)
    0x08001eb0   0x0000000e   Code   RO         4866    i.__scatterload_zeroinit  mc_w.l(handlers.o)
    0x08001ebe   0x00000002   PAD
    0x08001ec0   0x00000164   Code   RO         4728    i._fp_digits        mc_w.l(printfa.o)
    0x08002024   0x000006dc   Code   RO         4729    i._printf_core      mc_w.l(printfa.o)
    0x08002700   0x00000024   Code   RO         4730    i._printf_post_padding  mc_w.l(printfa.o)
    0x08002724   0x0000002e   Code   RO         4731    i._printf_pre_padding  mc_w.l(printfa.o)
    0x08002752   0x0000000a   Code   RO         4733    i._sputc            mc_w.l(printfa.o)
    0x0800275c   0x00000004   Code   RO         3744    i.close_gpio        gpio.o
    0x08002760   0x00000074   Code   RO         3824    i.conGets           menu.o
    0x080027d4   0x00000024   Code   RO         3711    i.console_main      console.o
    0x080027f8   0x00000024   Code   RO         3038    i.deQueue           queue.o
    0x0800281c   0x0000003c   Code   RO         3065    i.delay_init        usr_delay.o
    0x08002858   0x00000034   Code   RO         3066    i.delay_ms          usr_delay.o
    0x0800288c   0x000000b8   Code   RO         3745    i.dir_gpio          gpio.o
    0x08002944   0x0000007c   Code   RO         3865    i.disp_buf          fram.o
    0x080029c0   0x00000028   Code   RO         3039    i.enQueue           queue.o
    0x080029e8   0x00000050   Code   RO         3866    i.fill_buf          fram.o
    0x08002a38   0x00000024   Code   RO         3212    i.fputc             usr_usart.o
    0x08002a5c   0x00000018   Code   RO         4464    i.fputs             mc_w.l(fputs.o)
    0x08002a74   0x00000020   Code   RO         3712    i.fram_entry        console.o
    0x08002a94   0x00000080   Code   RO         3746    i.get_gpio          gpio.o
    0x08002b14   0x00000020   Code   RO         3713    i.gpio_entry        console.o
    0x08002b34   0x00000030   Code   RO         3867    i.info_fram         fram.o
    0x08002b64   0x00000014   Code   RO         3040    i.initQueue         queue.o
    0x08002b78   0x00000026   Code   RO         3357    i.is_leap_year      usr_rtc.o
    0x08002b9e   0x00000002   PAD
    0x08002ba0   0x000000d8   Code   RO         3747    i.loop_gpio         gpio.o
    0x08002c78   0x0000011c   Code   RO         3554    i.main              main.o
    0x08002d94   0x00000004   Code   RO         3748    i.open_gpio         gpio.o
    0x08002d98   0x00000034   Code   RO         4265    i.prvAddCurrentTaskToDelayedList  tasks.o
    0x08002dcc   0x00000054   Code   RO         4266    i.prvCheckTasksWaitingTermination  tasks.o
    0x08002e20   0x00000028   Code   RO         4175    i.prvCopyDataFromQueue  queue_1.o
    0x08002e48   0x00000048   Code   RO         4176    i.prvCopyDataToQueue  queue_1.o
    0x08002e90   0x00000018   Code   RO         4267    i.prvIdleTask       tasks.o
    0x08002ea8   0x00000064   Code   RO         4177    i.prvUnlockQueue    queue_1.o
    0x08002f0c   0x00000004   Code   RO         4466    i.putc              mc_w.l(putc.o)
    0x08002f10   0x000000b4   Code   RO         4039    i.pvPortMalloc      heap_2.o
    0x08002fc4   0x0000001c   Code   RO         4115    i.pxPortInitialiseStack  port.o
    0x08002fe0   0x0000008c   Code   RO         3868    i.read_fram         fram.o
    0x0800306c   0x000000d4   Code   RO         3749    i.read_gpio         gpio.o
    0x08003140   0x00000048   Code   RO         3750    i.read_rtc          gpio.o
    0x08003188   0x00000058   Code   RO         3751    i.reset_gpio        gpio.o
    0x080031e0   0x00000028   Code   RO         3869    i.set_fram          fram.o
    0x08003208   0x00000058   Code   RO         3752    i.set_gpio          gpio.o
    0x08003260   0x00000018   Code   RO         3214    i.usart_hitkey      usr_usart.o
    0x08003278   0x000000b4   Code   RO         3215    i.usart_init        usr_usart.o
    0x0800332c   0x00000048   Code   RO         3400    i.usr_fram_read     usr_fram.o
    0x08003374   0x00000024   Code   RO         3401    i.usr_fram_read_sr  usr_fram.o
    0x08003398   0x00000070   Code   RO         3403    i.usr_fram_write    usr_fram.o
    0x08003408   0x00000028   Code   RO         3404    i.usr_fram_write_sr  usr_fram.o
    0x08003430   0x00000034   Code   RO         3332    i.usradc_get        usr_adc.o
    0x08003464   0x00000038   Code   RO         3333    i.usradc_getav      usr_adc.o
    0x0800349c   0x000000a0   Code   RO         3334    i.usradc_init       usr_adc.o
    0x0800353c   0x0000005c   Code   RO         3153    i.usrled_init       usr_led.o
    0x08003598   0x00000134   Code   RO         3358    i.usrrtc_get        usr_rtc.o
    0x080036cc   0x000000d2   Code   RO         3359    i.usrrtc_init       usr_rtc.o
    0x0800379e   0x00000002   PAD
    0x080037a0   0x000000d0   Code   RO         3360    i.usrrtc_set        usr_rtc.o
    0x08003870   0x00000034   Code   RO         3449    i.usrspi2_WriteReadAByte  usr_spi.o
    0x080038a4   0x00000034   Code   RO         3302    i.usrtadc_getadc    usr_tsensor.o
    0x080038d8   0x00000034   Code   RO         3303    i.usrtadc_gettm     usr_tsensor.o
    0x0800390c   0x00000078   Code   RO         3304    i.usrtadc_init      usr_tsensor.o
    0x08003984   0x00000026   Code   RO         4078    i.uxListRemove      list.o
    0x080039aa   0x00000016   Code   RO         4079    i.vListInitialise   list.o
    0x080039c0   0x00000006   Code   RO         4080    i.vListInitialiseItem  list.o
    0x080039c6   0x00000030   Code   RO         4081    i.vListInsert       list.o
    0x080039f6   0x0000001c   Code   RO         4082    i.vListInsertEnd    list.o
    0x08003a12   0x00000002   PAD
    0x08003a14   0x0000001c   Code   RO         4117    i.vPortEnterCritical  port.o
    0x08003a30   0x00000014   Code   RO         4118    i.vPortExitCritical  port.o
    0x08003a44   0x0000003c   Code   RO         4040    i.vPortFree         heap_2.o
    0x08003a80   0x00000014   Code   RO         4119    i.vPortSetupTimerInterrupt  port.o
    0x08003a94   0x00000018   Code   RO         4120    i.vPortYield        port.o
    0x08003aac   0x00000040   Code   RO         3555    i.vTask1            main.o
    0x08003aec   0x00000040   Code   RO         3556    i.vTask2            main.o
    0x08003b2c   0x00000040   Code   RO         3557    i.vTask3            main.o
    0x08003b6c   0x00000004   Code   RO         3558    i.vTaskIdle         main.o
    0x08003b70   0x000000a0   Code   RO         4274    i.vTaskIncrementTick  tasks.o
    0x08003c10   0x0000000c   Code   RO         4275    i.vTaskMissedYield  tasks.o
    0x08003c1c   0x0000003c   Code   RO         4276    i.vTaskPlaceOnEventList  tasks.o
    0x08003c58   0x00000010   Code   RO         4279    i.vTaskSetTimeOutState  tasks.o
    0x08003c68   0x00000044   Code   RO         4280    i.vTaskStartScheduler  tasks.o
    0x08003cac   0x00000010   Code   RO         4282    i.vTaskSuspendAll   tasks.o
    0x08003cbc   0x0000004c   Code   RO         4283    i.vTaskSwitchContext  tasks.o
    0x08003d08   0x00000088   Code   RO         3870    i.write_fram        fram.o
    0x08003d90   0x00000038   Code   RO         3753    i.write_gpio        gpio.o
    0x08003dc8   0x000000cc   Code   RO         3754    i.write_rtc         gpio.o
    0x08003e94   0x00000030   Code   RO         4121    i.xPortStartScheduler  port.o
    0x08003ec4   0x00000020   Code   RO         4122    i.xPortSysTickHandler  port.o
    0x08003ee4   0x00000042   Code   RO         4181    i.xQueueGenericCreate  queue_1.o
    0x08003f26   0x000000e6   Code   RO         4182    i.xQueueGenericReceive  queue_1.o
    0x0800400c   0x00000060   Code   RO         4183    i.xQueueGenericReset  queue_1.o
    0x0800406c   0x000000d2   Code   RO         4184    i.xQueueGenericSend  queue_1.o
    0x0800413e   0x00000002   PAD
    0x08004140   0x0000004c   Code   RO         4284    i.xTaskCheckForTimeOut  tasks.o
    0x0800418c   0x00000164   Code   RO         4285    i.xTaskGenericCreate  tasks.o
    0x080042f0   0x00000058   Code   RO         4289    i.xTaskRemoveFromEventList  tasks.o
    0x08004348   0x000000a4   Code   RO         4290    i.xTaskResumeAll    tasks.o
    0x080043ec   0x00000018   Data   RO         3362    .constdata          usr_rtc.o
    0x08004404   0x0000003c   Data   RO         3714    .constdata          console.o
    0x08004440   0x000000f0   Data   RO         3755    .constdata          gpio.o
    0x08004530   0x0000008c   Data   RO         3872    .constdata          fram.o
    0x080045bc   0x00000081   Data   RO         4828    .constdata          mc_w.l(ctype_o.o)
    0x0800463d   0x00000003   PAD
    0x08004640   0x00000004   Data   RO         4829    .constdata          mc_w.l(ctype_o.o)
    0x08004644   0x000000e1   Data   RO         3715    .conststring        console.o
    0x08004725   0x00000003   PAD
    0x08004728   0x00000124   Data   RO         3756    .conststring        gpio.o
    0x0800484c   0x000000b3   Data   RO         3873    .conststring        fram.o
    0x080048ff   0x00000001   PAD
    0x08004900   0x00000020   Data   RO         4862    Region$$Table       anon$$obj.o


    Execution Region RW_IRAM1 (Base: 0x20000000, Size: 0x00004c48, Max: 0x00005000, ABSOLUTE)

    Base Addr    Size         Type   Attr      Idx    E Section Name        Object

    0x20000000   0x00000014   Data   RW         1675    .data               stm32f10x_rcc.o
    0x20000014   0x00000004   Data   RW         3068    .data               usr_delay.o
    0x20000018   0x00000020   Data   RW         3156    .data               usr_led.o
    0x20000038   0x00000004   Data   RW         3217    .data               usr_usart.o
    0x2000003c   0x00000002   Data   RW         3363    .data               usr_rtc.o
    0x2000003e   0x00000002   PAD
    0x20000040   0x00000008   Data   RW         3560    .data               main.o
    0x20000048   0x00000014   Data   RW         3685    .data               system_stm32f10x.o
    0x2000005c   0x00000004   Data   RW         3826    .data               menu.o
    0x20000060   0x00000001   Data   RW         3874    .data               fram.o
    0x20000061   0x00000003   PAD
    0x20000064   0x00000018   Data   RW         4044    .data               heap_2.o
    0x2000007c   0x00000004   Data   RW         4123    .data               port.o
    0x20000080   0x0000003c   Data   RW         4293    .data               tasks.o
    0x200000bc   0x00000004   Data   RW         4481    .data               mc_w.l(strtok.o)
    0x200000c0   0x00000004   Data   RW         4800    .data               mc_w.l(errno.o)
    0x200000c4   0x00000020   Zero   RW         3216    .bss                usr_usart.o
    0x200000e4   0x0000000a   Zero   RW         3361    .bss                usr_rtc.o
    0x200000ee   0x00000064   Zero   RW         3559    .bss                main.o
    0x20000152   0x00000002   PAD
    0x20000154   0x00000128   Zero   RW         3825    .bss                menu.o
    0x2000027c   0x00000100   Zero   RW         3871    .bss                fram.o
    0x2000037c   0x00004400   Zero   RW         4043    .bss                heap_2.o
    0x2000477c   0x000000c8   Zero   RW         4292    .bss                tasks.o
    0x20004844   0x00000004   PAD
    0x20004848   0x00000400   Zero   RW         4454    STACK               startup_stm32f10x_hd.o


==============================================================================

Image component sizes


      Code (inc. data)   RO Data    RW Data    ZI Data      Debug   Object Name

       100         44        285          0          0       1935   console.o
       568        262        319          1        256       3856   fram.o
      1256        298        532          0          0       7099   gpio.o
       240         12          0         24      17408       4507   heap_2.o
       142          0          0          0          0       3002   list.o
       508        174          0          8        100       3969   main.o
       948        290          0          4        296       6649   menu.o
       144         16          0          0          0     262453   misc.o
       332         46          0          4          0       5449   port.o
        96          0          0          0          0       2404   queue.o
       814          0          0          0          0       7302   queue_1.o
        36          8        304          0       1024        788   startup_stm32f10x_hd.o
       392         28          0          0          0       9181   stm32f10x_adc.o
        50          8          0          0          0       2652   stm32f10x_bkp.o
        12          6          0          0          0        521   stm32f10x_exti.o
       184          0          0          0          0       3576   stm32f10x_gpio.o
        12          0          0          0          0       2505   stm32f10x_it.o
        12          6          0          0          0        506   stm32f10x_pwr.o
       380         72          0         20          0       8899   stm32f10x_rcc.o
       208         46          0          0          0       5085   stm32f10x_rtc.o
        22          0          0          0          0       9625   stm32f10x_spi.o
       226         42          0          0          0       4983   stm32f10x_tim.o
       448         26          0          0          0       6880   stm32f10x_usart.o
       248         24          0         20          0       1769   system_stm32f10x.o
      1252        106          0         60        200      12998   tasks.o
       268         14          0          0          0       1778   usr_adc.o
       112         20          0          4          0       9312   usr_delay.o
        96         16          0          0          0       1868   usr_extint.o
       260         22          0          0          0       2844   usr_fram.o
        92         10          0         32          0       1234   usr_led.o
       806         40         24          2         10       4789   usr_rtc.o
        52          4          0          0          0        573   usr_spi.o
       114          0          0          0          0        561   usr_sys.o
       200         16          0          0          0       1568   usr_timer.o
       224         12          0          0          0       1724   usr_tsensor.o
       288         34          0          4         32       4082   usr_usart.o

    ----------------------------------------------------------------------
     11166       1702       1500        188      19332     408926   Object Totals
         0          0         32          0          0          0   (incl. Generated)
        24          0          4          5          6          0   (incl. Padding)

    ----------------------------------------------------------------------

      Code (inc. data)   RO Data    RW Data    ZI Data      Debug   Library Member Name

        56          8          0          0          0         84   __0sscanf.o
        28          0          0          0          0         68   _chval.o
       812          4          0          0          0        112   _scanf.o
       332          0          0          0          0         96   _scanf_int.o
        64          0          0          0          0         84   _sgetc.o
       158          0          0          0          0         92   _strtoul.o
        26          0          0          0          0         80   atoi.o
         8          4        133          0          0         68   ctype_o.o
         0          0          0          0          0          0   entry.o
         0          0          0          0          0          0   entry10a.o
         0          0          0          0          0          0   entry11a.o
         8          4          0          0          0          0   entry2.o
         4          0          0          0          0          0   entry5.o
         0          0          0          0          0          0   entry7b.o
         0          0          0          0          0          0   entry8b.o
         8          4          0          0          0          0   entry9a.o
         8          4          0          4          0         68   errno.o
        24          0          0          0          0         80   fputs.o
        30          0          0          0          0          0   handlers.o
        36          8          0          0          0         68   init.o
        18          0          0          0          0         76   isspace_o.o
         0          0          0          0          0          0   iusefp.o
        30          0          0          0          0         68   llshl.o
        36          0          0          0          0         68   llsshr.o
        32          0          0          0          0         68   llushr.o
        36          0          0          0          0         68   memcpya.o
        36          0          0          0          0        108   memseta.o
      2276         96          0          0          0        596   printfa.o
         4          0          0          0          0         68   putc.o
        40          8          0          0          0         84   scanf_char.o
        28          0          0          0          0         76   strcmp.o
        24          0          0          0          0         76   strncpy.o
        68          6          0          4          0         80   strtok.o
       112          0          0          0          0         88   strtol.o
        44          0          0          0          0         80   uidiv.o
        98          0          0          0          0         92   uldiv.o
        48          0          0          0          0         68   cdrcmple.o
        56          0          0          0          0         88   d2f.o
       334          0          0          0          0        148   dadd.o
       222          0          0          0          0        100   ddiv.o
       186          0          0          0          0        176   depilogue.o
        48          0          0          0          0         68   dfixul.o
        26          0          0          0          0         76   dfltui.o
       228          0          0          0          0         96   dmul.o
        38          0          0          0          0         68   f2d.o
       110          0          0          0          0        168   fepilogue.o
        10          0          0          0          0         68   ffltui.o
       100          0          0          0          0         76   fmul.o
        24          0          0          0          0         68   fscalb.o

    ----------------------------------------------------------------------
      5918        146        136          8          0       3864   Library Totals
         4          0          3          0          0          0   (incl. Padding)

    ----------------------------------------------------------------------

      Code (inc. data)   RO Data    RW Data    ZI Data      Debug   Library Name

      4484        146        133          8          0       2596   mc_w.l
      1430          0          0          0          0       1268   mf_w.l

    ----------------------------------------------------------------------
      5918        146        136          8          0       3864   Library Totals

    ----------------------------------------------------------------------

==============================================================================


      Code (inc. data)   RO Data    RW Data    ZI Data      Debug   

     17084       1848       1636        196      19332     402022   Grand Totals
     17084       1848       1636        196      19332     402022   ELF Image Totals
     17084       1848       1636        196          0          0   ROM Totals

==============================================================================

    Total RO  Size (Code + RO Data)                18720 (  18.28kB)
    Total RW  Size (RW Data + ZI Data)             19528 (  19.07kB)
    Total ROM Size (Code + RO Data + RW Data)      18916 (  18.47kB)

==============================================================================

